Archive member included to satisfy reference by file (symbol)

C:/ST/STM32CubeIDE_1.13.2/STM32CubeIDE/plugins/com.st.stm32cube.ide.mcu.externaltools.gnu-tools-for-stm32.11.3.rel1.win32_1.1.1.202309131626/tools/bin/../lib/gcc/arm-none-eabi/11.3.1/../../../../arm-none-eabi/lib/thumb/v6-m/nofp\libc_nano.a(libc_a-atoi.o)
                              ./Core/Src/main.o (atoi)
C:/ST/STM32CubeIDE_1.13.2/STM32CubeIDE/plugins/com.st.stm32cube.ide.mcu.externaltools.gnu-tools-for-stm32.11.3.rel1.win32_1.1.1.202309131626/tools/bin/../lib/gcc/arm-none-eabi/11.3.1/../../../../arm-none-eabi/lib/thumb/v6-m/nofp\libc_nano.a(libc_a-exit.o)
                              C:/ST/STM32CubeIDE_1.13.2/STM32CubeIDE/plugins/com.st.stm32cube.ide.mcu.externaltools.gnu-tools-for-stm32.11.3.rel1.win32_1.1.1.202309131626/tools/bin/../lib/gcc/arm-none-eabi/11.3.1/../../../../arm-none-eabi/lib/thumb/v6-m/nofp/crt0.o (exit)
C:/ST/STM32CubeIDE_1.13.2/STM32CubeIDE/plugins/com.st.stm32cube.ide.mcu.externaltools.gnu-tools-for-stm32.11.3.rel1.win32_1.1.1.202309131626/tools/bin/../lib/gcc/arm-none-eabi/11.3.1/../../../../arm-none-eabi/lib/thumb/v6-m/nofp\libc_nano.a(libc_a-malloc.o)
                              ./Core/Src/main.o (malloc)
C:/ST/STM32CubeIDE_1.13.2/STM32CubeIDE/plugins/com.st.stm32cube.ide.mcu.externaltools.gnu-tools-for-stm32.11.3.rel1.win32_1.1.1.202309131626/tools/bin/../lib/gcc/arm-none-eabi/11.3.1/../../../../arm-none-eabi/lib/thumb/v6-m/nofp\libc_nano.a(libc_a-mallocr.o)
                              C:/ST/STM32CubeIDE_1.13.2/STM32CubeIDE/plugins/com.st.stm32cube.ide.mcu.externaltools.gnu-tools-for-stm32.11.3.rel1.win32_1.1.1.202309131626/tools/bin/../lib/gcc/arm-none-eabi/11.3.1/../../../../arm-none-eabi/lib/thumb/v6-m/nofp\libc_nano.a(libc_a-malloc.o) (_malloc_r)
C:/ST/STM32CubeIDE_1.13.2/STM32CubeIDE/plugins/com.st.stm32cube.ide.mcu.externaltools.gnu-tools-for-stm32.11.3.rel1.win32_1.1.1.202309131626/tools/bin/../lib/gcc/arm-none-eabi/11.3.1/../../../../arm-none-eabi/lib/thumb/v6-m/nofp\libc_nano.a(libc_a-mlock.o)
                              C:/ST/STM32CubeIDE_1.13.2/STM32CubeIDE/plugins/com.st.stm32cube.ide.mcu.externaltools.gnu-tools-for-stm32.11.3.rel1.win32_1.1.1.202309131626/tools/bin/../lib/gcc/arm-none-eabi/11.3.1/../../../../arm-none-eabi/lib/thumb/v6-m/nofp\libc_nano.a(libc_a-mallocr.o) (__malloc_lock)
C:/ST/STM32CubeIDE_1.13.2/STM32CubeIDE/plugins/com.st.stm32cube.ide.mcu.externaltools.gnu-tools-for-stm32.11.3.rel1.win32_1.1.1.202309131626/tools/bin/../lib/gcc/arm-none-eabi/11.3.1/../../../../arm-none-eabi/lib/thumb/v6-m/nofp\libc_nano.a(libc_a-strtod.o)
                              ./Core/Src/main.o (strtod)
C:/ST/STM32CubeIDE_1.13.2/STM32CubeIDE/plugins/com.st.stm32cube.ide.mcu.externaltools.gnu-tools-for-stm32.11.3.rel1.win32_1.1.1.202309131626/tools/bin/../lib/gcc/arm-none-eabi/11.3.1/../../../../arm-none-eabi/lib/thumb/v6-m/nofp\libc_nano.a(libc_a-strtol.o)
                              C:/ST/STM32CubeIDE_1.13.2/STM32CubeIDE/plugins/com.st.stm32cube.ide.mcu.externaltools.gnu-tools-for-stm32.11.3.rel1.win32_1.1.1.202309131626/tools/bin/../lib/gcc/arm-none-eabi/11.3.1/../../../../arm-none-eabi/lib/thumb/v6-m/nofp\libc_nano.a(libc_a-atoi.o) (_strtol_r)
C:/ST/STM32CubeIDE_1.13.2/STM32CubeIDE/plugins/com.st.stm32cube.ide.mcu.externaltools.gnu-tools-for-stm32.11.3.rel1.win32_1.1.1.202309131626/tools/bin/../lib/gcc/arm-none-eabi/11.3.1/../../../../arm-none-eabi/lib/thumb/v6-m/nofp\libc_nano.a(libc_a-ctype_.o)
                              C:/ST/STM32CubeIDE_1.13.2/STM32CubeIDE/plugins/com.st.stm32cube.ide.mcu.externaltools.gnu-tools-for-stm32.11.3.rel1.win32_1.1.1.202309131626/tools/bin/../lib/gcc/arm-none-eabi/11.3.1/../../../../arm-none-eabi/lib/thumb/v6-m/nofp\libc_nano.a(libc_a-strtol.o) (_ctype_)
C:/ST/STM32CubeIDE_1.13.2/STM32CubeIDE/plugins/com.st.stm32cube.ide.mcu.externaltools.gnu-tools-for-stm32.11.3.rel1.win32_1.1.1.202309131626/tools/bin/../lib/gcc/arm-none-eabi/11.3.1/../../../../arm-none-eabi/lib/thumb/v6-m/nofp\libc_nano.a(libc_a-nano-vfprintf_float.o)
                              (_printf_float)
C:/ST/STM32CubeIDE_1.13.2/STM32CubeIDE/plugins/com.st.stm32cube.ide.mcu.externaltools.gnu-tools-for-stm32.11.3.rel1.win32_1.1.1.202309131626/tools/bin/../lib/gcc/arm-none-eabi/11.3.1/../../../../arm-none-eabi/lib/thumb/v6-m/nofp\libc_nano.a(libc_a-nano-vfprintf_i.o)
                              C:/ST/STM32CubeIDE_1.13.2/STM32CubeIDE/plugins/com.st.stm32cube.ide.mcu.externaltools.gnu-tools-for-stm32.11.3.rel1.win32_1.1.1.202309131626/tools/bin/../lib/gcc/arm-none-eabi/11.3.1/../../../../arm-none-eabi/lib/thumb/v6-m/nofp\libc_nano.a(libc_a-nano-vfprintf_float.o) (_printf_common)
C:/ST/STM32CubeIDE_1.13.2/STM32CubeIDE/plugins/com.st.stm32cube.ide.mcu.externaltools.gnu-tools-for-stm32.11.3.rel1.win32_1.1.1.202309131626/tools/bin/../lib/gcc/arm-none-eabi/11.3.1/../../../../arm-none-eabi/lib/thumb/v6-m/nofp\libc_nano.a(libc_a-nano-vfscanf_float.o)
                              (_scanf_float)
[...]
Memory Configuration

Name             Origin             Length             Attributes
RAM              0x0000000020000000 0x0000000000009000 xrw
FLASH            0x0000000008000000 0x0000000000020000 xr
*default*        0x0000000000000000 0xffffffffffffffff

Linker script and memory map

LOAD C:/ST/STM32CubeIDE_1.13.2/STM32CubeIDE/plugins/com.st.stm32cube.ide.mcu.externaltools.gnu-tools-for-stm32.11.3.rel1.win32_1.1.1.202309131626/tools/bin/../lib/gcc/arm-none-eabi/11.3.1/thumb/v6-m/nofp/crti.o
LOAD C:/ST/STM32CubeIDE_1.13.2/STM32CubeIDE/plugins/com.st.stm32cube.ide.mcu.externaltools.gnu-tools-for-stm32.11.3.rel1.win32_1.1.1.202309131626/tools/bin/../lib/gcc/arm-none-eabi/11.3.1/thumb/v6-m/nofp/crtbegin.o
LOAD C:/ST/STM32CubeIDE_1.13.2/STM32CubeIDE/plugins/com.st.stm32cube.ide.mcu.externaltools.gnu-tools-for-stm32.11.3.rel1.win32_1.1.1.202309131626/tools/bin/../lib/gcc/arm-none-eabi/11.3.1/../../../../arm-none-eabi/lib/thumb/v6-m/nofp/crt0.o
LOAD ./Core/Src/app_freertos.o
LOAD ./Core/Src/main.o
LOAD ./Core/Src/stm32g0xx_hal_msp.o
LOAD ./Core/Src/stm32g0xx_hal_timebase_tim.o
LOAD ./Core/Src/stm32g0xx_it.o
LOAD ./Core/Src/syscalls.o
LOAD ./Core/Src/sysmem.o
LOAD ./Core/Src/system_stm32g0xx.o
LOAD ./Core/Startup/startup_stm32g070cbtx.o
LOAD ./Drivers/STM32G0xx_HAL_Driver/Src/stm32g0xx_hal.o
LOAD ./Drivers/STM32G0xx_HAL_Driver/Src/stm32g0xx_hal_adc.o
LOAD ./Drivers/STM32G0xx_HAL_Driver/Src/stm32g0xx_hal_adc_ex.o
LOAD ./Drivers/STM32G0xx_HAL_Driver/Src/stm32g0xx_hal_cortex.o
LOAD ./Drivers/STM32G0xx_HAL_Driver/Src/stm32g0xx_hal_dma.o
LOAD ./Drivers/STM32G0xx_HAL_Driver/Src/stm32g0xx_hal_dma_ex.o
LOAD ./Drivers/STM32G0xx_HAL_Driver/Src/stm32g0xx_hal_exti.o
LOAD ./Drivers/STM32G0xx_HAL_Driver/Src/stm32g0xx_hal_flash.o
LOAD ./Drivers/STM32G0xx_HAL_Driver/Src/stm32g0xx_hal_flash_ex.o
LOAD ./Drivers/STM32G0xx_HAL_Driver/Src/stm32g0xx_hal_gpio.o
LOAD ./Drivers/STM32G0xx_HAL_Driver/Src/stm32g0xx_hal_i2c.o
LOAD ./Drivers/STM32G0xx_HAL_Driver/Src/stm32g0xx_hal_i2c_ex.o
LOAD ./Drivers/STM32G0xx_HAL_Driver/Src/stm32g0xx_hal_pwr.o
LOAD ./Drivers/STM32G0xx_HAL_Driver/Src/stm32g0xx_hal_pwr_ex.o
LOAD ./Drivers/STM32G0xx_HAL_Driver/Src/stm32g0xx_hal_rcc.o
LOAD ./Drivers/STM32G0xx_HAL_Driver/Src/stm32g0xx_hal_rcc_ex.o
LOAD ./Drivers/STM32G0xx_HAL_Driver/Src/stm32g0xx_hal_spi.o
LOAD ./Drivers/STM32G0xx_HAL_Driver/Src/stm32g0xx_hal_spi_ex.o
LOAD ./Drivers/STM32G0xx_HAL_Driver/Src/stm32g0xx_hal_tim.o
LOAD ./Drivers/STM32G0xx_HAL_Driver/Src/stm32g0xx_hal_tim_ex.o
LOAD ./Drivers/STM32G0xx_HAL_Driver/Src/stm32g0xx_hal_uart.o
LOAD ./Drivers/STM32G0xx_HAL_Driver/Src/stm32g0xx_hal_uart_ex.o
LOAD ./Drivers/STM32G0xx_HAL_Driver/Src/stm32g0xx_ll_adc.o
LOAD ./Drivers/STM32G0xx_HAL_Driver/Src/stm32g0xx_ll_dma.o
LOAD ./Drivers/STM32G0xx_HAL_Driver/Src/stm32g0xx_ll_rcc.o
LOAD ./Middlewares/Third_Party/FreeRTOS/Source/CMSIS_RTOS_V2/cmsis_os2.o
LOAD ./Middlewares/Third_Party/FreeRTOS/Source/croutine.o
LOAD ./Middlewares/Third_Party/FreeRTOS/Source/event_groups.o
LOAD ./Middlewares/Third_Party/FreeRTOS/Source/list.o
LOAD ./Middlewares/Third_Party/FreeRTOS/Source/queue.o
LOAD ./Middlewares/Third_Party/FreeRTOS/Source/stream_buffer.o
LOAD ./Middlewares/Third_Party/FreeRTOS/Source/tasks.o
LOAD ./Middlewares/Third_Party/FreeRTOS/Source/timers.o
LOAD ./Middlewares/Third_Party/FreeRTOS/Source/portable/GCC/ARM_CM0/port.o
LOAD ./Middlewares/Third_Party/FreeRTOS/Source/portable/MemMang/heap_4.o
START GROUP
LOAD C:/ST/STM32CubeIDE_1.13.2/STM32CubeIDE/plugins/com.st.stm32cube.ide.mcu.externaltools.gnu-tools-for-stm32.11.3.rel1.win32_1.1.1.202309131626/tools/bin/../lib/gcc/arm-none-eabi/11.3.1/../../../../arm-none-eabi/lib/thumb/v6-m/nofp\libc_nano.a
LOAD C:/ST/STM32CubeIDE_1.13.2/STM32CubeIDE/plugins/com.st.stm32cube.ide.mcu.externaltools.gnu-tools-for-stm32.11.3.rel1.win32_1.1.1.202309131626/tools/bin/../lib/gcc/arm-none-eabi/11.3.1/../../../../arm-none-eabi/lib/thumb/v6-m/nofp\libm.a
END GROUP
START GROUP
LOAD C:/ST/STM32CubeIDE_1.13.2/STM32CubeIDE/plugins/com.st.stm32cube.ide.mcu.externaltools.gnu-tools-for-stm32.11.3.rel1.win32_1.1.1.202309131626/tools/bin/../lib/gcc/arm-none-eabi/11.3.1/thumb/v6-m/nofp\libgcc.a
LOAD C:/ST/STM32CubeIDE_1.13.2/STM32CubeIDE/plugins/com.st.stm32cube.ide.mcu.externaltools.gnu-tools-for-stm32.11.3.rel1.win32_1.1.1.202309131626/tools/bin/../lib/gcc/arm-none-eabi/11.3.1/../../../../arm-none-eabi/lib/thumb/v6-m/nofp\libc_nano.a
END GROUP
START GROUP
LOAD C:/ST/STM32CubeIDE_1.13.2/STM32CubeIDE/plugins/com.st.stm32cube.ide.mcu.externaltools.gnu-tools-for-stm32.11.3.rel1.win32_1.1.1.202309131626/tools/bin/../lib/gcc/arm-none-eabi/11.3.1/thumb/v6-m/nofp\libgcc.a
LOAD C:/ST/STM32CubeIDE_1.13.2/STM32CubeIDE/plugins/com.st.stm32cube.ide.mcu.externaltools.gnu-tools-for-stm32.11.3.rel1.win32_1.1.1.202309131626/tools/bin/../lib/gcc/arm-none-eabi/11.3.1/../../../../arm-none-eabi/lib/thumb/v6-m/nofp\libc_nano.a
LOAD C:/ST/STM32CubeIDE_1.13.2/STM32CubeIDE/plugins/com.st.stm32cube.ide.mcu.externaltools.gnu-tools-for-stm32.11.3.rel1.win32_1.1.1.202309131626/tools/bin/../lib/gcc/arm-none-eabi/11.3.1/../../../../arm-none-eabi/lib/thumb/v6-m/nofp\libnosys.a
END GROUP
START GROUP
LOAD C:/ST/STM32CubeIDE_1.13.2/STM32CubeIDE/plugins/com.st.stm32cube.ide.mcu.externaltools.gnu-tools-for-stm32.11.3.rel1.win32_1.1.1.202309131626/tools/bin/../lib/gcc/arm-none-eabi/11.3.1/thumb/v6-m/nofp\libgcc.a
LOAD C:/ST/STM32CubeIDE_1.13.2/STM32CubeIDE/plugins/com.st.stm32cube.ide.mcu.externaltools.gnu-tools-for-stm32.11.3.rel1.win32_1.1.1.202309131626/tools/bin/../lib/gcc/arm-none-eabi/11.3.1/../../../../arm-none-eabi/lib/thumb/v6-m/nofp\libc_nano.a
LOAD C:/ST/STM32CubeIDE_1.13.2/STM32CubeIDE/plugins/com.st.stm32cube.ide.mcu.externaltools.gnu-tools-for-stm32.11.3.rel1.win32_1.1.1.202309131626/tools/bin/../lib/gcc/arm-none-eabi/11.3.1/../../../../arm-none-eabi/lib/thumb/v6-m/nofp\libnosys.a
END GROUP
LOAD C:/ST/STM32CubeIDE_1.13.2/STM32CubeIDE/plugins/com.st.stm32cube.ide.mcu.externaltools.gnu-tools-for-stm32.11.3.rel1.win32_1.1.1.202309131626/tools/bin/../lib/gcc/arm-none-eabi/11.3.1/thumb/v6-m/nofp/crtend.o
LOAD C:/ST/STM32CubeIDE_1.13.2/STM32CubeIDE/plugins/com.st.stm32cube.ide.mcu.externaltools.gnu-tools-for-stm32.11.3.rel1.win32_1.1.1.202309131626/tools/bin/../lib/gcc/arm-none-eabi/11.3.1/thumb/v6-m/nofp/crtn.o
                0x0000000020009000                _estack = (ORIGIN (RAM) + LENGTH (RAM))
                0x0000000000000200                _Min_Heap_Size = 0x200
                0x0000000000000400                _Min_Stack_Size = 0x400

.isr_vector     0x0000000008000000       0xb8
                0x0000000008000000                . = ALIGN (0x4)
 *(.isr_vector)
 .isr_vector    0x0000000008000000       0xb8 ./Core/Startup/startup_stm32g070cbtx.o
                0x0000000008000000                g_pfnVectors
                0x00000000080000b8                . = ALIGN (0x4)

.text           0x00000000080000c0    0x16a44
                0x00000000080000c0                . = ALIGN (0x4)
 *(.text)
 .text          0x00000000080000c0       0x48 C:/ST/STM32CubeIDE_1.13.2/STM32CubeIDE/plugins/com.st.stm32cube.ide.mcu.externaltools.gnu-tools-for-stm32.11.3.rel1.win32_1.1.1.202309131626/tools/bin/../lib/gcc/arm-none-eabi/11.3.1/thumb/v6-m/nofp/crtbegin.o
 .text          0x0000000008000108        0xe C:/ST/STM32CubeIDE_1.13.2/STM32CubeIDE/plugins/com.st.stm32cube.ide.mcu.externaltools.gnu-tools-for-stm32.11.3.rel1.win32_1.1.1.202309131626/tools/bin/../lib/gcc/arm-none-eabi/11.3.1/../../../../arm-none-eabi/lib/thumb/v6-m/nofp\libc_nano.a(libc_a-strlen.o)
                0x0000000008000108                strlen
 *fill*         0x0000000008000116        0x2 
 .text          0x0000000008000118       0x14 C:/ST/STM32CubeIDE_1.13.2/STM32CubeIDE/plugins/com.st.stm32cube.ide.mcu.externaltools.gnu-tools-for-stm32.11.3.rel1.win32_1.1.1.202309131626/tools/bin/../lib/gcc/arm-none-eabi/11.3.1/thumb/v6-m/nofp\libgcc.a(_thumb1_case_uqi.o)
                0x0000000008000118                __gnu_thumb1_case_uqi
 .text          0x000000000800012c       0x14 C:/ST/STM32CubeIDE_1.13.2/STM32CubeIDE/plugins/com.st.stm32cube.ide.mcu.externaltools.gnu-tools-for-stm32.11.3.rel1.win32_1.1.1.202309131626/tools/bin/../lib/gcc/arm-none-eabi/11.3.1/thumb/v6-m/nofp\libgcc.a(_thumb1_case_shi.o)
                0x000000000800012c                __gnu_thumb1_case_shi
 .text          0x0000000008000140      0x114 C:/ST/STM32CubeIDE_1.13.2/STM32CubeIDE/plugins/com.st.stm32cube.ide.mcu.externaltools.gnu-tools-for-stm32.11.3.rel1.win32_1.1.1.202309131626/tools/bin/../lib/gcc/arm-none-eabi/11.3.1/thumb/v6-m/nofp\libgcc.a(_udivsi3.o)
                0x0000000008000140                __aeabi_uidiv
                0x0000000008000140                __udivsi3
                0x000000000800024c                __aeabi_uidivmod
 .text          0x0000000008000254      0x1d4 C:/ST/STM32CubeIDE_1.13.2/STM32CubeIDE/plugins/com.st.stm32cube.ide.mcu.externaltools.gnu-tools-for-stm32.11.3.rel1.win32_1.1.1.202309131626/tools/bin/../lib/gcc/arm-none-eabi/11.3.1/thumb/v6-m/nofp\libgcc.a(_divsi3.o)
                0x0000000008000254                __divsi3
                0x0000000008000254                __aeabi_idiv
                0x0000000008000420                __aeabi_idivmod
 .text          0x0000000008000428        0x4 C:/ST/STM32CubeIDE_1.13.2/STM32CubeIDE/plugins/com.st.stm32cube.ide.mcu.externaltools.gnu-tools-for-stm32.11.3.rel1.win32_1.1.1.202309131626/tools/bin/../lib/gcc/arm-none-eabi/11.3.1/thumb/v6-m/nofp\libgcc.a(_dvmd_tls.o)
                0x0000000008000428                __aeabi_idiv0
                0x0000000008000428                __aeabi_ldiv0
 .text          0x000000000800042c       0x7c C:/ST/STM32CubeIDE_1.13.2/STM32CubeIDE/plugins/com.st.stm32cube.ide.mcu.externaltools.gnu-tools-for-stm32.11.3.rel1.win32_1.1.1.202309131626/tools/bin/../lib/gcc/arm-none-eabi/11.3.1/thumb/v6-m/nofp\libgcc.a(_arm_cmpdf2.o)
                0x000000000800042c                __aeabi_cdrcmple
                0x000000000800043c                __aeabi_cdcmple
                0x000000000800043c                __aeabi_cdcmpeq
                0x000000000800044c                __aeabi_dcmpeq
                0x0000000008000458                __aeabi_dcmplt
                0x000000000800046c                __aeabi_dcmple
                0x0000000008000480                __aeabi_dcmpgt
                0x0000000008000494                __aeabi_dcmpge
 .text          0x00000000080004a8       0x74 C:/ST/STM32CubeIDE_1.13.2/STM32CubeIDE/plugins/com.st.stm32cube.ide.mcu.externaltools.gnu-tools-for-stm32.11.3.rel1.win32_1.1.1.202309131626/tools/bin/../lib/gcc/arm-none-eabi/11.3.1/thumb/v6-m/nofp\libgcc.a(_arm_cmpsf2.o)
                0x00000000080004a8                __aeabi_cfrcmple
                0x00000000080004b0                __aeabi_cfcmpeq
                0x00000000080004b0                __aeabi_cfcmple
                0x00000000080004c0                __aeabi_fcmpeq
                0x00000000080004cc                __aeabi_fcmplt
                0x00000000080004e0                __aeabi_fcmple
                0x00000000080004f4                __aeabi_fcmpgt
                0x0000000008000508                __aeabi_fcmpge
 .text          0x000000000800051c       0x3c C:/ST/STM32CubeIDE_1.13.2/STM32CubeIDE/plugins/com.st.stm32cube.ide.mcu.externaltools.gnu-tools-for-stm32.11.3.rel1.win32_1.1.1.202309131626/tools/bin/../lib/gcc/arm-none-eabi/11.3.1/thumb/v6-m/nofp\libgcc.a(_fixunsdfsi.o)
                0x000000000800051c                __aeabi_d2uiz
                0x000000000800051c                __fixunsdfsi
 .text          0x0000000008000558       0x3c C:/ST/STM32CubeIDE_1.13.2/STM32CubeIDE/plugins/com.st.stm32cube.ide.mcu.externaltools.gnu-tools-for-stm32.11.3.rel1.win32_1.1.1.202309131626/tools/bin/../lib/gcc/arm-none-eabi/11.3.1/thumb/v6-m/nofp\libgcc.a(_fixdfdi.o)
                0x0000000008000558                __fixdfdi
                0x0000000008000558                __aeabi_d2lz
 .text          0x0000000008000594       0x3c C:/ST/STM32CubeIDE_1.13.2/STM32CubeIDE/plugins/com.st.stm32cube.ide.mcu.externaltools.gnu-tools-for-stm32.11.3.rel1.win32_1.1.1.202309131626/tools/bin/../lib/gcc/arm-none-eabi/11.3.1/thumb/v6-m/nofp\libgcc.a(_fixunsdfdi.o)
                0x0000000008000594                __fixunsdfdi
                0x0000000008000594                __aeabi_d2ulz
 .text          0x00000000080005d0       0x2c C:/ST/STM32CubeIDE_1.13.2/STM32CubeIDE/plugins/com.st.stm32cube.ide.mcu.externaltools.gnu-tools-for-stm32.11.3.rel1.win32_1.1.1.202309131626/tools/bin/../lib/gcc/arm-none-eabi/11.3.1/thumb/v6-m/nofp\libgcc.a(_floatdidf.o)
                0x00000000080005d0                __aeabi_l2d
                0x00000000080005d0                __floatdidf
 .text          0x00000000080005fc      0x340 C:/ST/STM32CubeIDE_1.13.2/STM32CubeIDE/plugins/com.st.stm32cube.ide.mcu.externaltools.gnu-tools-for-stm32.11.3.rel1.win32_1.1.1.202309131626/tools/bin/../lib/gcc/arm-none-eabi/11.3.1/thumb/v6-m/nofp\libgcc.a(addsf3.o)
                0x00000000080005fc                __aeabi_fadd
 .text          0x000000000800093c      0x234 C:/ST/STM32CubeIDE_1.13.2/STM32CubeIDE/plugins/com.st.stm32cube.ide.mcu.externaltools.gnu-tools-for-stm32.11.3.rel1.win32_1.1.1.202309131626/tools/bin/../lib/gcc/arm-none-eabi/11.3.1/thumb/v6-m/nofp\libgcc.a(divsf3.o)
                0x000000000800093c                __aeabi_fdiv
 .text          0x0000000008000b70       0x4c C:/ST/STM32CubeIDE_1.13.2/STM32CubeIDE/plugins/com.st.stm32cube.ide.mcu.externaltools.gnu-tools-for-stm32.11.3.rel1.win32_1.1.1.202309131626/tools/bin/../lib/gcc/arm-none-eabi/11.3.1/thumb/v6-m/nofp\libgcc.a(eqsf2.o)
                0x0000000008000b70                __eqsf2
                0x0000000008000b70                __nesf2
 .text          0x0000000008000bbc       0x8c C:/ST/STM32CubeIDE_1.13.2/STM32CubeIDE/plugins/com.st.stm32cube.ide.mcu.externaltools.gnu-tools-for-stm32.11.3.rel1.win32_1.1.1.202309131626/tools/bin/../lib/gcc/arm-none-eabi/11.3.1/thumb/v6-m/nofp\libgcc.a(gesf2.o)
                0x0000000008000bbc                __gesf2
                0x0000000008000bbc                __gtsf2
 .text          0x0000000008000c48       0x88 C:/ST/STM32CubeIDE_1.13.2/STM32CubeIDE/plugins/com.st.stm32cube.ide.mcu.externaltools.gnu-tools-for-stm32.11.3.rel1.win32_1.1.1.202309131626/tools/bin/../lib/gcc/arm-none-eabi/11.3.1/thumb/v6-m/nofp\libgcc.a(lesf2.o)
                0x0000000008000c48                __ltsf2
                0x0000000008000c48                __lesf2
 .text          0x0000000008000cd0      0x29c C:/ST/STM32CubeIDE_1.13.2/STM32CubeIDE/plugins/com.st.stm32cube.ide.mcu.externaltools.gnu-tools-for-stm32.11.3.rel1.win32_1.1.1.202309131626/tools/bin/../lib/gcc/arm-none-eabi/11.3.1/thumb/v6-m/nofp\libgcc.a(mulsf3.o)
                0x0000000008000cd0                __aeabi_fmul
 .text          0x0000000008000f6c      0x340 C:/ST/STM32CubeIDE_1.13.2/STM32CubeIDE/plugins/com.st.stm32cube.ide.mcu.externaltools.gnu-tools-for-stm32.11.3.rel1.win32_1.1.1.202309131626/tools/bin/../lib/gcc/arm-none-eabi/11.3.1/thumb/v6-m/nofp\libgcc.a(subsf3.o)
                0x0000000008000f6c                __aeabi_fsub
 .text          0x00000000080012ac       0x40 C:/ST/STM32CubeIDE_1.13.2/STM32CubeIDE/plugins/com.st.stm32cube.ide.mcu.externaltools.gnu-tools-for-stm32.11.3.rel1.win32_1.1.1.202309131626/tools/bin/../lib/gcc/arm-none-eabi/11.3.1/thumb/v6-m/nofp\libgcc.a(fixsfsi.o)
                0x00000000080012ac                __aeabi_f2iz
 .text          0x00000000080012ec       0xa4 C:/ST/STM32CubeIDE_1.13.2/STM32CubeIDE/plugins/com.st.stm32cube.ide.mcu.externaltools.gnu-tools-for-stm32.11.3.rel1.win32_1.1.1.202309131626/tools/bin/../lib/gcc/arm-none-eabi/11.3.1/thumb/v6-m/nofp\libgcc.a(floatsisf.o)
                0x00000000080012ec                __aeabi_i2f
 .text          0x0000000008001390       0x90 C:/ST/STM32CubeIDE_1.13.2/STM32CubeIDE/plugins/com.st.stm32cube.ide.mcu.externaltools.gnu-tools-for-stm32.11.3.rel1.win32_1.1.1.202309131626/tools/bin/../lib/gcc/arm-none-eabi/11.3.1/thumb/v6-m/nofp\libgcc.a(floatunsisf.o)
                0x0000000008001390                __aeabi_ui2f
 .text          0x0000000008001420      0x6c0 C:/ST/STM32CubeIDE_1.13.2/STM32CubeIDE/plugins/com.st.stm32cube.ide.mcu.externaltools.gnu-tools-for-stm32.11.3.rel1.win32_1.1.1.202309131626/tools/bin/../lib/gcc/arm-none-eabi/11.3.1/thumb/v6-m/nofp\libgcc.a(adddf3.o)
                0x0000000008001420                __aeabi_dadd
 .text          0x0000000008001ae0      0x5dc C:/ST/STM32CubeIDE_1.13.2/STM32CubeIDE/plugins/com.st.stm32cube.ide.mcu.externaltools.gnu-tools-for-stm32.11.3.rel1.win32_1.1.1.202309131626/tools/bin/../lib/gcc/arm-none-eabi/11.3.1/thumb/v6-m/nofp\libgcc.a(divdf3.o)
                0x0000000008001ae0                __aeabi_ddiv
 .text          0x00000000080020bc       0x84 C:/ST/STM32CubeIDE_1.13.2/STM32CubeIDE/plugins/com.st.stm32cube.ide.mcu.externaltools.gnu-tools-for-stm32.11.3.rel1.win32_1.1.1.202309131626/tools/bin/../lib/gcc/arm-none-eabi/11.3.1/thumb/v6-m/nofp\libgcc.a(eqdf2.o)
                0x00000000080020bc                __nedf2
                0x00000000080020bc                __eqdf2
 .text          0x0000000008002140       0xcc C:/ST/STM32CubeIDE_1.13.2/STM32CubeIDE/plugins/com.st.stm32cube.ide.mcu.externaltools.gnu-tools-for-stm32.11.3.rel1.win32_1.1.1.202309131626/tools/bin/../lib/gcc/arm-none-eabi/11.3.1/thumb/v6-m/nofp\libgcc.a(gedf2.o)
                0x0000000008002140                __gedf2
                0x0000000008002140                __gtdf2
 .text          0x000000000800220c       0xc8 C:/ST/STM32CubeIDE_1.13.2/STM32CubeIDE/plugins/com.st.stm32cube.ide.mcu.externaltools.gnu-tools-for-stm32.11.3.rel1.win32_1.1.1.202309131626/tools/bin/../lib/gcc/arm-none-eabi/11.3.1/thumb/v6-m/nofp\libgcc.a(ledf2.o)
                0x000000000800220c                __ledf2
                0x000000000800220c                __ltdf2
 .text          0x00000000080022d4      0x584 C:/ST/STM32CubeIDE_1.13.2/STM32CubeIDE/plugins/com.st.stm32cube.ide.mcu.externaltools.gnu-tools-for-stm32.11.3.rel1.win32_1.1.1.202309131626/tools/bin/../lib/gcc/arm-none-eabi/11.3.1/thumb/v6-m/nofp\libgcc.a(muldf3.o)
                0x00000000080022d4                __aeabi_dmul
 .text          0x0000000008002858      0x704 C:/ST/STM32CubeIDE_1.13.2/STM32CubeIDE/plugins/com.st.stm32cube.ide.mcu.externaltools.gnu-tools-for-stm32.11.3.rel1.win32_1.1.1.202309131626/tools/bin/../lib/gcc/arm-none-eabi/11.3.1/thumb/v6-m/nofp\libgcc.a(subdf3.o)
                0x0000000008002858                __aeabi_dsub
 .text          0x0000000008002f5c       0x3c C:/ST/STM32CubeIDE_1.13.2/STM32CubeIDE/plugins/com.st.stm32cube.ide.mcu.externaltools.gnu-tools-for-stm32.11.3.rel1.win32_1.1.1.202309131626/tools/bin/../lib/gcc/arm-none-eabi/11.3.1/thumb/v6-m/nofp\libgcc.a(unorddf2.o)
                0x0000000008002f5c                __aeabi_dcmpun
 .text          0x0000000008002f98       0x6c C:/ST/STM32CubeIDE_1.13.2/STM32CubeIDE/plugins/com.st.stm32cube.ide.mcu.externaltools.gnu-tools-for-stm32.11.3.rel1.win32_1.1.1.202309131626/tools/bin/../lib/gcc/arm-none-eabi/11.3.1/thumb/v6-m/nofp\libgcc.a(fixdfsi.o)
                0x0000000008002f98                __aeabi_d2iz
 .text          0x0000000008003004       0x60 C:/ST/STM32CubeIDE_1.13.2/STM32CubeIDE/plugins/com.st.stm32cube.ide.mcu.externaltools.gnu-tools-for-stm32.11.3.rel1.win32_1.1.1.202309131626/tools/bin/../lib/gcc/arm-none-eabi/11.3.1/thumb/v6-m/nofp\libgcc.a(floatsidf.o)
                0x0000000008003004                __aeabi_i2d
 .text          0x0000000008003064       0x4c C:/ST/STM32CubeIDE_1.13.2/STM32CubeIDE/plugins/com.st.stm32cube.ide.mcu.externaltools.gnu-tools-for-stm32.11.3.rel1.win32_1.1.1.202309131626/tools/bin/../lib/gcc/arm-none-eabi/11.3.1/thumb/v6-m/nofp\libgcc.a(floatunsidf.o)
                0x0000000008003064                __aeabi_ui2d
 .text          0x00000000080030b0       0x90 C:/ST/STM32CubeIDE_1.13.2/STM32CubeIDE/plugins/com.st.stm32cube.ide.mcu.externaltools.gnu-tools-for-stm32.11.3.rel1.win32_1.1.1.202309131626/tools/bin/../lib/gcc/arm-none-eabi/11.3.1/thumb/v6-m/nofp\libgcc.a(extendsfdf2.o)
                0x00000000080030b0                __aeabi_f2d
 .text          0x0000000008003140      0x10c C:/ST/STM32CubeIDE_1.13.2/STM32CubeIDE/plugins/com.st.stm32cube.ide.mcu.externaltools.gnu-tools-for-stm32.11.3.rel1.win32_1.1.1.202309131626/tools/bin/../lib/gcc/arm-none-eabi/11.3.1/thumb/v6-m/nofp\libgcc.a(truncdfsf2.o)
                0x0000000008003140                __aeabi_d2f
 .text          0x000000000800324c       0x3c C:/ST/STM32CubeIDE_1.13.2/STM32CubeIDE/plugins/com.st.stm32cube.ide.mcu.externaltools.gnu-tools-for-stm32.11.3.rel1.win32_1.1.1.202309131626/tools/bin/../lib/gcc/arm-none-eabi/11.3.1/thumb/v6-m/nofp\libgcc.a(_clzsi2.o)
                0x000000000800324c                __clzsi2
 *(.text*)
 .text.__NVIC_SystemReset
                0x0000000008003288       0x24 ./Core/Src/main.o
 .text.Read_DI_IN1
                0x00000000080032ac       0x24 ./Core/Src/main.o
 .text.Read_DI_IN2
                0x00000000080032d0       0x28 ./Core/Src/main.o
 .text.Read_DI_IN3
                0x00000000080032f8       0x28 ./Core/Src/main.o
 .text.Read_DI_MAINS_STATE
                0x0000000008003320       0x28 ./Core/Src/main.o
 .text.Read_DI_ACC_STATE
                0x0000000008003348       0x28 ./Core/Src/main.o
 .text.Read_DI_BOX_STATE
                0x0000000008003370       0x44 ./Core/Src/main.o
 .text.Read_DI_SOS_STATE
                0x00000000080033b4       0x24 ./Core/Src/main.o
 .text.Init_ADC
                0x00000000080033d8       0x20 ./Core/Src/main.o
 .text.Read_ADC1
                0x00000000080033f8       0x40 ./Core/Src/main.o
 .text.Read_ADC2
                0x0000000008003438       0x3c ./Core/Src/main.o
 .text.Read_EXT_B_SENSE
                0x0000000008003474       0x38 ./Core/Src/main.o
 .text.Read_INT_B_SENSE
                0x00000000080034ac       0x38 ./Core/Src/main.o
 .text.SET_5V_OUT_EN
                0x00000000080034e4       0x3c ./Core/Src/main.o
 .text.SET_LED_GPS
                0x0000000008003520       0x3c ./Core/Src/main.o
 .text.SET_LED_NET
                0x000000000800355c       0x3c ./Core/Src/main.o
 .text.SET_LED_PWR
                0x0000000008003598       0x3c ./Core/Src/main.o
 .text.SET_GPS_VCC_EN
                0x00000000080035d4       0x3e ./Core/Src/main.o
 *fill*         0x0000000008003612        0x2 
 .text.SET_PWRKEY
                0x0000000008003614       0x3c ./Core/Src/main.o
 .text.SET_GSM_VCC_EN
                0x0000000008003650       0x3c ./Core/Src/main.o
 .text.RestartGSM
                0x000000000800368c       0x72 ./Core/Src/main.o
                0x000000000800368c                RestartGSM
 *fill*         0x00000000080036fe        0x2 
 .text.SendGSMCode
                0x0000000008003700       0xc4 ./Core/Src/main.o
                0x0000000008003700                SendGSMCode
 .text.SendGSMCodeL
                0x00000000080037c4       0xc4 ./Core/Src/main.o
                0x00000000080037c4                SendGSMCodeL
 .text.SendGSMData
                0x0000000008003888       0x68 ./Core/Src/main.o
                0x0000000008003888                SendGSMData
 .text.EndTransfer
                0x00000000080038f0       0x5c ./Core/Src/main.o
                0x00000000080038f0                EndTransfer
 .text.waitForResponse
                0x000000000800394c       0x80 ./Core/Src/main.o
                0x000000000800394c                waitForResponse
 .text.GetGSMReply
                0x00000000080039cc      0x1b0 ./Core/Src/main.o
                0x00000000080039cc                GetGSMReply
 .text.GSMSigQuality
                0x0000000008003b7c       0xf0 ./Core/Src/main.o
                0x0000000008003b7c                GSMSigQuality
 .text.GSMSimOperator
                0x0000000008003c6c       0x48 ./Core/Src/main.o
                0x0000000008003c6c                GSMSimOperator
 .text.GSMIMEI  0x0000000008003cb4       0x4c ./Core/Src/main.o
                0x0000000008003cb4                GSMIMEI
 .text.StartTCPConnection
                0x0000000008003d00      0x198 ./Core/Src/main.o
                0x0000000008003d00                StartTCPConnection
 .text.StopTCPConnection
                0x0000000008003e98       0xd4 ./Core/Src/main.o
                0x0000000008003e98                StopTCPConnection
 .text.SendTCPdata
                0x0000000008003f6c      0x1bc ./Core/Src/main.o
                0x0000000008003f6c                SendTCPdata
 .text.GSMCellInfo
                0x0000000008004128      0x47c ./Core/Src/main.o
                0x0000000008004128                GSMCellInfo
 .text.SetTCPMux
                0x00000000080045a4       0x48 ./Core/Src/main.o
                0x00000000080045a4                SetTCPMux
 .text.ResetTCP
                0x00000000080045ec       0x12 ./Core/Src/main.o
                0x00000000080045ec                ResetTCP
 *fill*         0x00000000080045fe        0x2 
 .text.ProcessTCPAll
                0x0000000008004600       0x90 ./Core/Src/main.o
                0x0000000008004600                ProcessTCPAll
 .text.SetupGPRS
                0x0000000008004690      0x11c ./Core/Src/main.o
                0x0000000008004690                SetupGPRS
 .text.ShiftGSMProfile
                0x00000000080047ac      0x2ac ./Core/Src/main.o
                0x00000000080047ac                ShiftGSMProfile
 .text.InitGSM  0x0000000008004a58      0x3b8 ./Core/Src/main.o
                0x0000000008004a58                InitGSM
 .text.SPI_flash_sent_byte
                0x0000000008004e10       0x28 ./Core/Src/main.o
                0x0000000008004e10                SPI_flash_sent_byte
 .text.SPI_flash_Write_Enable
                0x0000000008004e38       0x2c ./Core/Src/main.o
                0x0000000008004e38                SPI_flash_Write_Enable
 .text.SPI_flash_Write_Disable
                0x0000000008004e64       0x2c ./Core/Src/main.o
                0x0000000008004e64                SPI_flash_Write_Disable
 .text.SPI_flash_sent_address
                0x0000000008004e90       0x24 ./Core/Src/main.o
                0x0000000008004e90                SPI_flash_sent_address
 .text.SPI_flash_TransmitReceive
                0x0000000008004eb4       0x30 ./Core/Src/main.o
                0x0000000008004eb4                SPI_flash_TransmitReceive
 .text.SPI_flash_get_device_ID
                0x0000000008004ee4      0x1ac ./Core/Src/main.o
                0x0000000008004ee4                SPI_flash_get_device_ID
 .text.SPI_flash_Sector_Erase
                0x0000000008005090       0x46 ./Core/Src/main.o
                0x0000000008005090                SPI_flash_Sector_Erase
 .text.SPI_flash_Chip_Erase
                0x00000000080050d6       0x34 ./Core/Src/main.o
                0x00000000080050d6                SPI_flash_Chip_Erase
 .text.SPI_flash_Page_Program
                0x000000000800510a       0x5a ./Core/Src/main.o
                0x000000000800510a                SPI_flash_Page_Program
 .text.SPI_flash_Read_Data
                0x0000000008005164       0x4e ./Core/Src/main.o
                0x0000000008005164                SPI_flash_Read_Data
 *fill*         0x00000000080051b2        0x2 
 .text.incrimentAddress2
                0x00000000080051b4       0x8c ./Core/Src/main.o
                0x00000000080051b4                incrimentAddress2
 .text.WriteQdata
                0x0000000008005240       0x3c ./Core/Src/main.o
                0x0000000008005240                WriteQdata
 .text.isQempty
                0x000000000800527c       0x34 ./Core/Src/main.o
                0x000000000800527c                isQempty
 .text.ReadQdata
                0x00000000080052b0      0x1b4 ./Core/Src/main.o
                0x00000000080052b0                ReadQdata
 .text.InitMEMQ
                0x0000000008005464       0xa8 ./Core/Src/main.o
                0x0000000008005464                InitMEMQ
 .text.ClearQueue
                0x000000000800550c       0x1c ./Core/Src/main.o
                0x000000000800550c                ClearQueue
 .text.writeConfig
                0x0000000008005528      0x428 ./Core/Src/main.o
                0x0000000008005528                writeConfig
 .text.readRegNo
                0x0000000008005950       0x54 ./Core/Src/main.o
                0x0000000008005950                readRegNo
 .text.readINSMSno
                0x00000000080059a4       0x38 ./Core/Src/main.o
                0x00000000080059a4                readINSMSno
 .text.readOUTSMSno
                0x00000000080059dc       0x38 ./Core/Src/main.o
                0x00000000080059dc                readOUTSMSno
 .text.readEmgIP
                0x0000000008005a14       0x30 ./Core/Src/main.o
                0x0000000008005a14                readEmgIP
 .text.readRegIP
                0x0000000008005a44       0x38 ./Core/Src/main.o
                0x0000000008005a44                readRegIP
 .text.readTracIP
                0x0000000008005a7c       0x38 ./Core/Src/main.o
                0x0000000008005a7c                readTracIP
 .text.initAcc  0x0000000008005ab4      0x178 ./Core/Src/main.o
 .text.readAcc  0x0000000008005c2c      0x240 ./Core/Src/main.o
 .text.detectAcc
                0x0000000008005e6c       0xb4 ./Core/Src/main.o
                0x0000000008005e6c                detectAcc
 .text.initGPS  0x0000000008005f20       0x84 ./Core/Src/main.o
                0x0000000008005f20                initGPS
 .text.getGPSString
                0x0000000008005fa4      0x114 ./Core/Src/main.o
                0x0000000008005fa4                getGPSString
 .text.DegreeDecimalConvert
                0x00000000080060b8       0x68 ./Core/Src/main.o
                0x00000000080060b8                DegreeDecimalConvert
 .text.printInt
                0x0000000008006120       0x38 ./Core/Src/main.o
                0x0000000008006120                printInt
 .text.nmea0183_checksum
                0x0000000008006158       0x30 ./Core/Src/main.o
                0x0000000008006158                nmea0183_checksum
 .text.getGNRMC
                0x0000000008006188      0x194 ./Core/Src/main.o
                0x0000000008006188                getGNRMC
 .text.getGNGSA
                0x000000000800631c       0x74 ./Core/Src/main.o
                0x000000000800631c                getGNGSA
 .text.getGNGGA
                0x0000000008006390       0x74 ./Core/Src/main.o
                0x0000000008006390                getGNGGA
 .text.nmea_valid_checksum
                0x0000000008006404       0x7e ./Core/Src/main.o
                0x0000000008006404                nmea_valid_checksum
 *fill*         0x0000000008006482        0x2 
 .text.validateGPS
                0x0000000008006484       0xfc ./Core/Src/main.o
                0x0000000008006484                validateGPS
 .text.getSpeed
                0x0000000008006580       0x14 ./Core/Src/main.o
                0x0000000008006580                getSpeed
 .text.ProcessGPS
                0x0000000008006594       0x64 ./Core/Src/main.o
                0x0000000008006594                ProcessGPS
 .text.tic      0x00000000080065f8       0x10 ./Core/Src/main.o
                0x00000000080065f8                tic
 .text.toc      0x0000000008006608       0x12 ./Core/Src/main.o
                0x0000000008006608                toc
 *fill*         0x000000000800661a        0x2 
 .text.TestMEM  0x000000000800661c       0x88 ./Core/Src/main.o
                0x000000000800661c                TestMEM
 .text.main     0x00000000080066a4       0xb0 ./Core/Src/main.o
                0x00000000080066a4                main
 .text.SystemClock_Config
                0x0000000008006754       0x92 ./Core/Src/main.o
                0x0000000008006754                SystemClock_Config
 *fill*         0x00000000080067e6        0x2 
 .text.MX_ADC1_Init
                0x00000000080067e8      0x124 ./Core/Src/main.o
 .text.MX_I2C1_Init
                0x000000000800690c       0x80 ./Core/Src/main.o
 .text.MX_SPI1_Init
                0x000000000800698c       0x7c ./Core/Src/main.o
 .text.MX_TIM6_Init
                0x0000000008006a08       0x78 ./Core/Src/main.o
 .text.MX_USART1_UART_Init
                0x0000000008006a80       0x9c ./Core/Src/main.o
 .text.MX_USART2_UART_Init
                0x0000000008006b1c       0x9c ./Core/Src/main.o
 .text.MX_USART3_UART_Init
                0x0000000008006bb8       0x68 ./Core/Src/main.o
 .text.MX_DMA_Init
                0x0000000008006c20       0x5c ./Core/Src/main.o
 .text.MX_GPIO_Init
                0x0000000008006c7c      0x200 ./Core/Src/main.o
 .text.timedWork
                0x0000000008006e7c       0x44 ./Core/Src/main.o
                0x0000000008006e7c                timedWork
 .text.stor     0x0000000008006ec0      0x198 ./Core/Src/main.o
                0x0000000008006ec0                stor
 .text.HAL_UART_TxCpltCallback
                0x0000000008007058       0x10 ./Core/Src/main.o
                0x0000000008007058                HAL_UART_TxCpltCallback
 .text.HAL_UART_RxCpltCallback
                0x0000000008007068       0xe4 ./Core/Src/main.o
                0x0000000008007068                HAL_UART_RxCpltCallback
 .text.HAL_UART_ErrorCallback
                0x000000000800714c       0xa0 ./Core/Src/main.o
                0x000000000800714c                HAL_UART_ErrorCallback
 .text.StartDefaultTask
                0x00000000080071ec       0xf8 ./Core/Src/main.o
                0x00000000080071ec                StartDefaultTask
 .text.StartTask02
                0x00000000080072e4       0x10 ./Core/Src/main.o
                0x00000000080072e4                StartTask02
 .text.StartTask03
                0x00000000080072f4       0x10 ./Core/Src/main.o
                0x00000000080072f4                StartTask03
 .text.HAL_TIM_PeriodElapsedCallback
                0x0000000008007304       0x24 ./Core/Src/main.o
                0x0000000008007304                HAL_TIM_PeriodElapsedCallback
 .text.restartGSMuart
                0x0000000008007328       0x38 ./Core/Src/main.o
                0x0000000008007328                restartGSMuart
 .text.initFirstRun
                0x0000000008007360       0x40 ./Core/Src/main.o
                0x0000000008007360                initFirstRun
 .text.ReadAllGPIO
                0x00000000080073a0      0x1b0 ./Core/Src/main.o
                0x00000000080073a0                ReadAllGPIO
 .text.GetHead  0x0000000008007550      0x4d8 ./Core/Src/main.o
                0x0000000008007550                GetHead
 .text.TestRun  0x0000000008007a28      0x77c ./Core/Src/main.o
                0x0000000008007a28                TestRun
 .text.Debug_Tx
                0x00000000080081a4       0x50 ./Core/Src/main.o
 .text.Debug_Rx
                0x00000000080081f4       0x2c ./Core/Src/main.o
 .text.GSM_Tx   0x0000000008008220       0x34 ./Core/Src/main.o
 .text.GSM_TxL  0x0000000008008254       0x38 ./Core/Src/main.o
 .text.Error_Handler
                0x000000000800828c        0xa ./Core/Src/main.o
                0x000000000800828c                Error_Handler
 *fill*         0x0000000008008296        0x2 
 .text.HAL_MspInit
                0x0000000008008298       0x60 ./Core/Src/stm32g0xx_hal_msp.o
                0x0000000008008298                HAL_MspInit
 .text.HAL_ADC_MspInit
                0x00000000080082f8      0x124 ./Core/Src/stm32g0xx_hal_msp.o
                0x00000000080082f8                HAL_ADC_MspInit
 .text.HAL_I2C_MspInit
                0x000000000800841c       0xc4 ./Core/Src/stm32g0xx_hal_msp.o
                0x000000000800841c                HAL_I2C_MspInit
 .text.HAL_SPI_MspInit
                0x00000000080084e0       0x94 ./Core/Src/stm32g0xx_hal_msp.o
                0x00000000080084e0                HAL_SPI_MspInit
 .text.HAL_TIM_Base_MspInit
                0x0000000008008574       0x4c ./Core/Src/stm32g0xx_hal_msp.o
                0x0000000008008574                HAL_TIM_Base_MspInit
 .text.HAL_UART_MspInit
                0x00000000080085c0      0x308 ./Core/Src/stm32g0xx_hal_msp.o
                0x00000000080085c0                HAL_UART_MspInit
 .text.HAL_InitTick
                0x00000000080088c8      0x10c ./Core/Src/stm32g0xx_hal_timebase_tim.o
                0x00000000080088c8                HAL_InitTick
 .text.NMI_Handler
                0x00000000080089d4        0x6 ./Core/Src/stm32g0xx_it.o
                0x00000000080089d4                NMI_Handler
 .text.HardFault_Handler
                0x00000000080089da        0x6 ./Core/Src/stm32g0xx_it.o
                0x00000000080089da                HardFault_Handler
 .text.DMA1_Channel1_IRQHandler
                0x00000000080089e0       0x18 ./Core/Src/stm32g0xx_it.o
                0x00000000080089e0                DMA1_Channel1_IRQHandler
 .text.DMA1_Channel2_3_IRQHandler
                0x00000000080089f8       0x24 ./Core/Src/stm32g0xx_it.o
                0x00000000080089f8                DMA1_Channel2_3_IRQHandler
 .text.DMA1_Ch4_7_DMAMUX1_OVR_IRQHandler
                0x0000000008008a1c       0x24 ./Core/Src/stm32g0xx_it.o
                0x0000000008008a1c                DMA1_Ch4_7_DMAMUX1_OVR_IRQHandler
 .text.TIM1_BRK_UP_TRG_COM_IRQHandler
                0x0000000008008a40       0x18 ./Core/Src/stm32g0xx_it.o
                0x0000000008008a40                TIM1_BRK_UP_TRG_COM_IRQHandler
 .text.TIM6_IRQHandler
                0x0000000008008a58       0x18 ./Core/Src/stm32g0xx_it.o
                0x0000000008008a58                TIM6_IRQHandler
 .text.USART1_IRQHandler
                0x0000000008008a70       0x18 ./Core/Src/stm32g0xx_it.o
                0x0000000008008a70                USART1_IRQHandler
 .text.USART2_IRQHandler
                0x0000000008008a88       0x18 ./Core/Src/stm32g0xx_it.o
                0x0000000008008a88                USART2_IRQHandler
 .text.USART3_4_IRQHandler
                0x0000000008008aa0       0x18 ./Core/Src/stm32g0xx_it.o
                0x0000000008008aa0                USART3_4_IRQHandler
 .text._getpid  0x0000000008008ab8        0xc ./Core/Src/syscalls.o
                0x0000000008008ab8                _getpid
 .text._kill    0x0000000008008ac4       0x20 ./Core/Src/syscalls.o
                0x0000000008008ac4                _kill
 .text._exit    0x0000000008008ae4       0x18 ./Core/Src/syscalls.o
                0x0000000008008ae4                _exit
 .text._read    0x0000000008008afc       0x3a ./Core/Src/syscalls.o
                0x0000000008008afc                _read
 .text._write   0x0000000008008b36       0x38 ./Core/Src/syscalls.o
                0x0000000008008b36                _write
 .text._close   0x0000000008008b6e       0x14 ./Core/Src/syscalls.o
                0x0000000008008b6e                _close
 .text._fstat   0x0000000008008b82       0x1c ./Core/Src/syscalls.o
                0x0000000008008b82                _fstat
 .text._isatty  0x0000000008008b9e       0x12 ./Core/Src/syscalls.o
                0x0000000008008b9e                _isatty
 .text._lseek   0x0000000008008bb0       0x16 ./Core/Src/syscalls.o
                0x0000000008008bb0                _lseek
 *fill*         0x0000000008008bc6        0x2 
 .text._sbrk    0x0000000008008bc8       0x6c ./Core/Src/sysmem.o
                0x0000000008008bc8                _sbrk
 .text.SystemInit
                0x0000000008008c34        0xa ./Core/Src/system_stm32g0xx.o
                0x0000000008008c34                SystemInit
 *fill*         0x0000000008008c3e        0x2 
 .text.Reset_Handler
                0x0000000008008c40       0x50 ./Core/Startup/startup_stm32g070cbtx.o
                0x0000000008008c40                Reset_Handler
 .text.Default_Handler
                0x0000000008008c90        0x2 ./Core/Startup/startup_stm32g070cbtx.o
                0x0000000008008c90                TIM1_CC_IRQHandler
                0x0000000008008c90                I2C1_IRQHandler
                0x0000000008008c90                RTC_TAMP_IRQHandler
                0x0000000008008c90                SPI1_IRQHandler
                0x0000000008008c90                EXTI2_3_IRQHandler
                0x0000000008008c90                ADC1_IRQHandler
                0x0000000008008c90                I2C2_IRQHandler
                0x0000000008008c90                TIM17_IRQHandler
                0x0000000008008c90                TIM16_IRQHandler
                0x0000000008008c90                TIM3_IRQHandler
                0x0000000008008c90                EXTI4_15_IRQHandler
                0x0000000008008c90                RCC_IRQHandler
                0x0000000008008c90                Default_Handler
                0x0000000008008c90                TIM14_IRQHandler
                0x0000000008008c90                TIM7_IRQHandler
                0x0000000008008c90                TIM15_IRQHandler
                0x0000000008008c90                EXTI0_1_IRQHandler
                0x0000000008008c90                SPI2_IRQHandler
                0x0000000008008c90                WWDG_IRQHandler
                0x0000000008008c90                FLASH_IRQHandler
 *fill*         0x0000000008008c92        0x2 
 .text.HAL_Init
                0x0000000008008c94       0x40 ./Drivers/STM32G0xx_HAL_Driver/Src/stm32g0xx_hal.o
                0x0000000008008c94                HAL_Init
 .text.HAL_IncTick
                0x0000000008008cd4       0x24 ./Drivers/STM32G0xx_HAL_Driver/Src/stm32g0xx_hal.o
                0x0000000008008cd4                HAL_IncTick
 .text.HAL_GetTick
                0x0000000008008cf8       0x14 ./Drivers/STM32G0xx_HAL_Driver/Src/stm32g0xx_hal.o
                0x0000000008008cf8                HAL_GetTick
 .text.HAL_Delay
                0x0000000008008d0c       0x48 ./Drivers/STM32G0xx_HAL_Driver/Src/stm32g0xx_hal.o
                0x0000000008008d0c                HAL_Delay
 .text.HAL_SYSCFG_StrobeDBattpinsConfig
                0x0000000008008d54       0x2c ./Drivers/STM32G0xx_HAL_Driver/Src/stm32g0xx_hal.o
                0x0000000008008d54                HAL_SYSCFG_StrobeDBattpinsConfig
 .text.LL_ADC_SetCommonPathInternalCh
                0x0000000008008d80       0x28 ./Drivers/STM32G0xx_HAL_Driver/Src/stm32g0xx_hal_adc.o
 .text.LL_ADC_GetCommonPathInternalCh
                0x0000000008008da8       0x1a ./Drivers/STM32G0xx_HAL_Driver/Src/stm32g0xx_hal_adc.o
 .text.LL_ADC_SetSamplingTimeCommonChannels
                0x0000000008008dc2       0x3a ./Drivers/STM32G0xx_HAL_Driver/Src/stm32g0xx_hal_adc.o
 .text.LL_ADC_GetSamplingTimeCommonChannels
                0x0000000008008dfc       0x2e ./Drivers/STM32G0xx_HAL_Driver/Src/stm32g0xx_hal_adc.o
 .text.LL_ADC_REG_IsTriggerSourceSWStart
                0x0000000008008e2a       0x22 ./Drivers/STM32G0xx_HAL_Driver/Src/stm32g0xx_hal_adc.o
 .text.LL_ADC_REG_SetSequencerRanks
                0x0000000008008e4c       0x40 ./Drivers/STM32G0xx_HAL_Driver/Src/stm32g0xx_hal_adc.o
 .text.LL_ADC_REG_SetSequencerChAdd
                0x0000000008008e8c       0x22 ./Drivers/STM32G0xx_HAL_Driver/Src/stm32g0xx_hal_adc.o
 .text.LL_ADC_REG_SetSequencerChRem
                0x0000000008008eae       0x24 ./Drivers/STM32G0xx_HAL_Driver/Src/stm32g0xx_hal_adc.o
 *fill*         0x0000000008008ed2        0x2 
 .text.LL_ADC_SetChannelSamplingTime
                0x0000000008008ed4       0x38 ./Drivers/STM32G0xx_HAL_Driver/Src/stm32g0xx_hal_adc.o
 .text.LL_ADC_EnableInternalRegulator
                0x0000000008008f0c       0x28 ./Drivers/STM32G0xx_HAL_Driver/Src/stm32g0xx_hal_adc.o
 .text.LL_ADC_IsInternalRegulatorEnabled
                0x0000000008008f34       0x28 ./Drivers/STM32G0xx_HAL_Driver/Src/stm32g0xx_hal_adc.o
 .text.LL_ADC_Enable
                0x0000000008008f5c       0x24 ./Drivers/STM32G0xx_HAL_Driver/Src/stm32g0xx_hal_adc.o
 .text.LL_ADC_Disable
                0x0000000008008f80       0x24 ./Drivers/STM32G0xx_HAL_Driver/Src/stm32g0xx_hal_adc.o
 .text.LL_ADC_IsEnabled
                0x0000000008008fa4       0x22 ./Drivers/STM32G0xx_HAL_Driver/Src/stm32g0xx_hal_adc.o
 *fill*         0x0000000008008fc6        0x2 
 .text.LL_ADC_REG_StartConversion
                0x0000000008008fc8       0x24 ./Drivers/STM32G0xx_HAL_Driver/Src/stm32g0xx_hal_adc.o
 .text.LL_ADC_REG_IsConversionOngoing
                0x0000000008008fec       0x22 ./Drivers/STM32G0xx_HAL_Driver/Src/stm32g0xx_hal_adc.o
 *fill*         0x000000000800900e        0x2 
 .text.HAL_ADC_Init
                0x0000000008009010      0x350 ./Drivers/STM32G0xx_HAL_Driver/Src/stm32g0xx_hal_adc.o
                0x0000000008009010                HAL_ADC_Init
 .text.HAL_ADC_Start_DMA
                0x0000000008009360      0x11c ./Drivers/STM32G0xx_HAL_Driver/Src/stm32g0xx_hal_adc.o
                0x0000000008009360                HAL_ADC_Start_DMA
 .text.HAL_ADC_ConvCpltCallback
                0x000000000800947c       0x10 ./Drivers/STM32G0xx_HAL_Driver/Src/stm32g0xx_hal_adc.o
                0x000000000800947c                HAL_ADC_ConvCpltCallback
 .text.HAL_ADC_ConvHalfCpltCallback
                0x000000000800948c       0x10 ./Drivers/STM32G0xx_HAL_Driver/Src/stm32g0xx_hal_adc.o
                0x000000000800948c                HAL_ADC_ConvHalfCpltCallback
 .text.HAL_ADC_ErrorCallback
                0x000000000800949c       0x10 ./Drivers/STM32G0xx_HAL_Driver/Src/stm32g0xx_hal_adc.o
                0x000000000800949c                HAL_ADC_ErrorCallback
 .text.HAL_ADC_ConfigChannel
                0x00000000080094ac      0x3b0 ./Drivers/STM32G0xx_HAL_Driver/Src/stm32g0xx_hal_adc.o
                0x00000000080094ac                HAL_ADC_ConfigChannel
 .text.ADC_Enable
                0x000000000800985c      0x10c ./Drivers/STM32G0xx_HAL_Driver/Src/stm32g0xx_hal_adc.o
                0x000000000800985c                ADC_Enable
 .text.ADC_DMAConvCplt
                0x0000000008009968       0xc8 ./Drivers/STM32G0xx_HAL_Driver/Src/stm32g0xx_hal_adc.o
 .text.ADC_DMAHalfConvCplt
                0x0000000008009a30       0x1e ./Drivers/STM32G0xx_HAL_Driver/Src/stm32g0xx_hal_adc.o
 .text.ADC_DMAError
                0x0000000008009a4e       0x36 ./Drivers/STM32G0xx_HAL_Driver/Src/stm32g0xx_hal_adc.o
 .text.__NVIC_EnableIRQ
                0x0000000008009a84       0x34 ./Drivers/STM32G0xx_HAL_Driver/Src/stm32g0xx_hal_cortex.o
 .text.__NVIC_SetPriority
                0x0000000008009ab8       0xdc ./Drivers/STM32G0xx_HAL_Driver/Src/stm32g0xx_hal_cortex.o
 .text.HAL_NVIC_SetPriority
                0x0000000008009b94       0x2a ./Drivers/STM32G0xx_HAL_Driver/Src/stm32g0xx_hal_cortex.o
                0x0000000008009b94                HAL_NVIC_SetPriority
 .text.HAL_NVIC_EnableIRQ
                0x0000000008009bbe       0x20 ./Drivers/STM32G0xx_HAL_Driver/Src/stm32g0xx_hal_cortex.o
                0x0000000008009bbe                HAL_NVIC_EnableIRQ
 *fill*         0x0000000008009bde        0x2 
 .text.HAL_DMA_Init
                0x0000000008009be0      0x114 ./Drivers/STM32G0xx_HAL_Driver/Src/stm32g0xx_hal_dma.o
                0x0000000008009be0                HAL_DMA_Init
 .text.HAL_DMA_Start_IT
                0x0000000008009cf4      0x10c ./Drivers/STM32G0xx_HAL_Driver/Src/stm32g0xx_hal_dma.o
                0x0000000008009cf4                HAL_DMA_Start_IT
 .text.HAL_DMA_Abort
                0x0000000008009e00       0xc4 ./Drivers/STM32G0xx_HAL_Driver/Src/stm32g0xx_hal_dma.o
                0x0000000008009e00                HAL_DMA_Abort
 .text.HAL_DMA_Abort_IT
                0x0000000008009ec4       0xd4 ./Drivers/STM32G0xx_HAL_Driver/Src/stm32g0xx_hal_dma.o
                0x0000000008009ec4                HAL_DMA_Abort_IT
 .text.HAL_DMA_IRQHandler
                0x0000000008009f98      0x164 ./Drivers/STM32G0xx_HAL_Driver/Src/stm32g0xx_hal_dma.o
                0x0000000008009f98                HAL_DMA_IRQHandler
 .text.DMA_SetConfig
                0x000000000800a0fc       0x80 ./Drivers/STM32G0xx_HAL_Driver/Src/stm32g0xx_hal_dma.o
 .text.DMA_CalcDMAMUXChannelBaseAndMask
                0x000000000800a17c       0x58 ./Drivers/STM32G0xx_HAL_Driver/Src/stm32g0xx_hal_dma.o
 .text.DMA_CalcDMAMUXRequestGenBaseAndMask
                0x000000000800a1d4       0x48 ./Drivers/STM32G0xx_HAL_Driver/Src/stm32g0xx_hal_dma.o
 .text.HAL_DMAEx_MUX_IRQHandler
                0x000000000800a21c       0xac ./Drivers/STM32G0xx_HAL_Driver/Src/stm32g0xx_hal_dma_ex.o
                0x000000000800a21c                HAL_DMAEx_MUX_IRQHandler
 .text.HAL_GPIO_Init
                0x000000000800a2c8      0x2c8 ./Drivers/STM32G0xx_HAL_Driver/Src/stm32g0xx_hal_gpio.o
                0x000000000800a2c8                HAL_GPIO_Init
 .text.HAL_GPIO_ReadPin
                0x000000000800a590       0x3a ./Drivers/STM32G0xx_HAL_Driver/Src/stm32g0xx_hal_gpio.o
                0x000000000800a590                HAL_GPIO_ReadPin
 .text.HAL_GPIO_WritePin
                0x000000000800a5ca       0x3a ./Drivers/STM32G0xx_HAL_Driver/Src/stm32g0xx_hal_gpio.o
                0x000000000800a5ca                HAL_GPIO_WritePin
 .text.HAL_GPIO_TogglePin
                0x000000000800a604       0x36 ./Drivers/STM32G0xx_HAL_Driver/Src/stm32g0xx_hal_gpio.o
                0x000000000800a604                HAL_GPIO_TogglePin
 *fill*         0x000000000800a63a        0x2 
 .text.HAL_I2C_Init
                0x000000000800a63c      0x12c ./Drivers/STM32G0xx_HAL_Driver/Src/stm32g0xx_hal_i2c.o
                0x000000000800a63c                HAL_I2C_Init
 .text.HAL_I2C_Mem_Write
                0x000000000800a768      0x25c ./Drivers/STM32G0xx_HAL_Driver/Src/stm32g0xx_hal_i2c.o
                0x000000000800a768                HAL_I2C_Mem_Write
 .text.HAL_I2C_Mem_Read
                0x000000000800a9c4      0x268 ./Drivers/STM32G0xx_HAL_Driver/Src/stm32g0xx_hal_i2c.o
                0x000000000800a9c4                HAL_I2C_Mem_Read
 .text.I2C_RequestMemoryWrite
                0x000000000800ac2c       0xc8 ./Drivers/STM32G0xx_HAL_Driver/Src/stm32g0xx_hal_i2c.o
 .text.I2C_RequestMemoryRead
                0x000000000800acf4       0xc4 ./Drivers/STM32G0xx_HAL_Driver/Src/stm32g0xx_hal_i2c.o
 .text.I2C_Flush_TXDR
                0x000000000800adb8       0x44 ./Drivers/STM32G0xx_HAL_Driver/Src/stm32g0xx_hal_i2c.o
 .text.I2C_WaitOnFlagUntilTimeout
                0x000000000800adfc       0x7e ./Drivers/STM32G0xx_HAL_Driver/Src/stm32g0xx_hal_i2c.o
 .text.I2C_WaitOnTXISFlagUntilTimeout
                0x000000000800ae7a       0x7e ./Drivers/STM32G0xx_HAL_Driver/Src/stm32g0xx_hal_i2c.o
 .text.I2C_WaitOnSTOPFlagUntilTimeout
                0x000000000800aef8       0x78 ./Drivers/STM32G0xx_HAL_Driver/Src/stm32g0xx_hal_i2c.o
 .text.I2C_IsErrorOccurred
                0x000000000800af70      0x200 ./Drivers/STM32G0xx_HAL_Driver/Src/stm32g0xx_hal_i2c.o
 .text.I2C_TransferConfig
                0x000000000800b170       0x74 ./Drivers/STM32G0xx_HAL_Driver/Src/stm32g0xx_hal_i2c.o
 .text.HAL_I2CEx_ConfigAnalogFilter
                0x000000000800b1e4       0x98 ./Drivers/STM32G0xx_HAL_Driver/Src/stm32g0xx_hal_i2c_ex.o
                0x000000000800b1e4                HAL_I2CEx_ConfigAnalogFilter
 .text.HAL_I2CEx_ConfigDigitalFilter
                0x000000000800b27c       0x98 ./Drivers/STM32G0xx_HAL_Driver/Src/stm32g0xx_hal_i2c_ex.o
                0x000000000800b27c                HAL_I2CEx_ConfigDigitalFilter
 .text.HAL_PWREx_ControlVoltageScaling
                0x000000000800b314       0x80 ./Drivers/STM32G0xx_HAL_Driver/Src/stm32g0xx_hal_pwr_ex.o
                0x000000000800b314                HAL_PWREx_ControlVoltageScaling
 .text.LL_RCC_GetAPB1Prescaler
                0x000000000800b394       0x18 ./Drivers/STM32G0xx_HAL_Driver/Src/stm32g0xx_hal_rcc.o
 .text.HAL_RCC_OscConfig
                0x000000000800b3ac      0x620 ./Drivers/STM32G0xx_HAL_Driver/Src/stm32g0xx_hal_rcc.o
                0x000000000800b3ac                HAL_RCC_OscConfig
 .text.HAL_RCC_ClockConfig
                0x000000000800b9cc      0x210 ./Drivers/STM32G0xx_HAL_Driver/Src/stm32g0xx_hal_rcc.o
                0x000000000800b9cc                HAL_RCC_ClockConfig
 .text.HAL_RCC_GetSysClockFreq
                0x000000000800bbdc      0x104 ./Drivers/STM32G0xx_HAL_Driver/Src/stm32g0xx_hal_rcc.o
                0x000000000800bbdc                HAL_RCC_GetSysClockFreq
 .text.HAL_RCC_GetHCLKFreq
                0x000000000800bce0       0x14 ./Drivers/STM32G0xx_HAL_Driver/Src/stm32g0xx_hal_rcc.o
                0x000000000800bce0                HAL_RCC_GetHCLKFreq
 .text.HAL_RCC_GetPCLK1Freq
                0x000000000800bcf4       0x2c ./Drivers/STM32G0xx_HAL_Driver/Src/stm32g0xx_hal_rcc.o
                0x000000000800bcf4                HAL_RCC_GetPCLK1Freq
 .text.HAL_RCC_GetClockConfig
                0x000000000800bd20       0x54 ./Drivers/STM32G0xx_HAL_Driver/Src/stm32g0xx_hal_rcc.o
                0x000000000800bd20                HAL_RCC_GetClockConfig
 .text.HAL_RCCEx_PeriphCLKConfig
                0x000000000800bd74      0x268 ./Drivers/STM32G0xx_HAL_Driver/Src/stm32g0xx_hal_rcc_ex.o
                0x000000000800bd74                HAL_RCCEx_PeriphCLKConfig
 .text.HAL_SPI_Init
                0x000000000800bfdc      0x170 ./Drivers/STM32G0xx_HAL_Driver/Src/stm32g0xx_hal_spi.o
                0x000000000800bfdc                HAL_SPI_Init
 .text.HAL_SPI_Transmit
                0x000000000800c14c      0x2b0 ./Drivers/STM32G0xx_HAL_Driver/Src/stm32g0xx_hal_spi.o
                0x000000000800c14c                HAL_SPI_Transmit
 .text.HAL_SPI_TransmitReceive
                0x000000000800c3fc      0x3a4 ./Drivers/STM32G0xx_HAL_Driver/Src/stm32g0xx_hal_spi.o
                0x000000000800c3fc                HAL_SPI_TransmitReceive
 .text.SPI_WaitFlagStateUntilTimeout
                0x000000000800c7a0      0x11c ./Drivers/STM32G0xx_HAL_Driver/Src/stm32g0xx_hal_spi.o
 .text.SPI_WaitFifoStateUntilTimeout
                0x000000000800c8bc      0x144 ./Drivers/STM32G0xx_HAL_Driver/Src/stm32g0xx_hal_spi.o
 .text.SPI_EndRxTxTransaction
                0x000000000800ca00       0x8c ./Drivers/STM32G0xx_HAL_Driver/Src/stm32g0xx_hal_spi.o
 .text.HAL_TIM_Base_Init
                0x000000000800ca8c       0xb0 ./Drivers/STM32G0xx_HAL_Driver/Src/stm32g0xx_hal_tim.o
                0x000000000800ca8c                HAL_TIM_Base_Init
 .text.HAL_TIM_Base_Start_IT
                0x000000000800cb3c       0xac ./Drivers/STM32G0xx_HAL_Driver/Src/stm32g0xx_hal_tim.o
                0x000000000800cb3c                HAL_TIM_Base_Start_IT
 .text.HAL_TIM_IRQHandler
                0x000000000800cbe8      0x264 ./Drivers/STM32G0xx_HAL_Driver/Src/stm32g0xx_hal_tim.o
                0x000000000800cbe8                HAL_TIM_IRQHandler
 .text.HAL_TIM_OC_DelayElapsedCallback
                0x000000000800ce4c       0x10 ./Drivers/STM32G0xx_HAL_Driver/Src/stm32g0xx_hal_tim.o
                0x000000000800ce4c                HAL_TIM_OC_DelayElapsedCallback
 .text.HAL_TIM_IC_CaptureCallback
                0x000000000800ce5c       0x10 ./Drivers/STM32G0xx_HAL_Driver/Src/stm32g0xx_hal_tim.o
                0x000000000800ce5c                HAL_TIM_IC_CaptureCallback
 .text.HAL_TIM_PWM_PulseFinishedCallback
                0x000000000800ce6c       0x10 ./Drivers/STM32G0xx_HAL_Driver/Src/stm32g0xx_hal_tim.o
                0x000000000800ce6c                HAL_TIM_PWM_PulseFinishedCallback
 .text.HAL_TIM_TriggerCallback
                0x000000000800ce7c       0x10 ./Drivers/STM32G0xx_HAL_Driver/Src/stm32g0xx_hal_tim.o
                0x000000000800ce7c                HAL_TIM_TriggerCallback
 .text.TIM_Base_SetConfig
                0x000000000800ce8c       0xec ./Drivers/STM32G0xx_HAL_Driver/Src/stm32g0xx_hal_tim.o
                0x000000000800ce8c                TIM_Base_SetConfig
 .text.HAL_TIMEx_MasterConfigSynchronization
                0x000000000800cf78       0xd0 ./Drivers/STM32G0xx_HAL_Driver/Src/stm32g0xx_hal_tim_ex.o
                0x000000000800cf78                HAL_TIMEx_MasterConfigSynchronization
 .text.HAL_TIMEx_CommutCallback
                0x000000000800d048       0x10 ./Drivers/STM32G0xx_HAL_Driver/Src/stm32g0xx_hal_tim_ex.o
                0x000000000800d048                HAL_TIMEx_CommutCallback
 .text.HAL_TIMEx_BreakCallback
                0x000000000800d058       0x10 ./Drivers/STM32G0xx_HAL_Driver/Src/stm32g0xx_hal_tim_ex.o
                0x000000000800d058                HAL_TIMEx_BreakCallback
 .text.HAL_TIMEx_Break2Callback
                0x000000000800d068       0x10 ./Drivers/STM32G0xx_HAL_Driver/Src/stm32g0xx_hal_tim_ex.o
                0x000000000800d068                HAL_TIMEx_Break2Callback
 .text.HAL_UART_Init
                0x000000000800d078       0xac ./Drivers/STM32G0xx_HAL_Driver/Src/stm32g0xx_hal_uart.o
                0x000000000800d078                HAL_UART_Init
 .text.HAL_UART_Transmit
                0x000000000800d124      0x138 ./Drivers/STM32G0xx_HAL_Driver/Src/stm32g0xx_hal_uart.o
                0x000000000800d124                HAL_UART_Transmit
 .text.HAL_UART_Receive
                0x000000000800d25c      0x1c4 ./Drivers/STM32G0xx_HAL_Driver/Src/stm32g0xx_hal_uart.o
                0x000000000800d25c                HAL_UART_Receive
 .text.HAL_UART_Receive_DMA
                0x000000000800d420       0xae ./Drivers/STM32G0xx_HAL_Driver/Src/stm32g0xx_hal_uart.o
                0x000000000800d420                HAL_UART_Receive_DMA
 *fill*         0x000000000800d4ce        0x2 
 .text.HAL_UART_IRQHandler
                0x000000000800d4d0      0x64c ./Drivers/STM32G0xx_HAL_Driver/Src/stm32g0xx_hal_uart.o
                0x000000000800d4d0                HAL_UART_IRQHandler
 .text.HAL_UART_RxHalfCpltCallback
                0x000000000800db1c       0x10 ./Drivers/STM32G0xx_HAL_Driver/Src/stm32g0xx_hal_uart.o
                0x000000000800db1c                HAL_UART_RxHalfCpltCallback
 .text.HAL_UARTEx_RxEventCallback
                0x000000000800db2c       0x16 ./Drivers/STM32G0xx_HAL_Driver/Src/stm32g0xx_hal_uart.o
                0x000000000800db2c                HAL_UARTEx_RxEventCallback
 *fill*         0x000000000800db42        0x2 
 .text.UART_SetConfig
                0x000000000800db44      0x348 ./Drivers/STM32G0xx_HAL_Driver/Src/stm32g0xx_hal_uart.o
                0x000000000800db44                UART_SetConfig
 .text.UART_AdvFeatureConfig
                0x000000000800de8c      0x168 ./Drivers/STM32G0xx_HAL_Driver/Src/stm32g0xx_hal_uart.o
                0x000000000800de8c                UART_AdvFeatureConfig
 .text.UART_CheckIdleState
                0x000000000800dff4       0x9c ./Drivers/STM32G0xx_HAL_Driver/Src/stm32g0xx_hal_uart.o
                0x000000000800dff4                UART_CheckIdleState
 .text.UART_WaitOnFlagUntilTimeout
                0x000000000800e090      0x190 ./Drivers/STM32G0xx_HAL_Driver/Src/stm32g0xx_hal_uart.o
                0x000000000800e090                UART_WaitOnFlagUntilTimeout
 .text.UART_Start_Receive_DMA
                0x000000000800e220      0x14c ./Drivers/STM32G0xx_HAL_Driver/Src/stm32g0xx_hal_uart.o
                0x000000000800e220                UART_Start_Receive_DMA
 .text.UART_EndTxTransfer
                0x000000000800e36c       0x80 ./Drivers/STM32G0xx_HAL_Driver/Src/stm32g0xx_hal_uart.o
 .text.UART_EndRxTransfer
                0x000000000800e3ec       0xcc ./Drivers/STM32G0xx_HAL_Driver/Src/stm32g0xx_hal_uart.o
 .text.UART_DMAReceiveCplt
                0x000000000800e4b8      0x130 ./Drivers/STM32G0xx_HAL_Driver/Src/stm32g0xx_hal_uart.o
 .text.UART_DMARxHalfCplt
                0x000000000800e5e8       0x42 ./Drivers/STM32G0xx_HAL_Driver/Src/stm32g0xx_hal_uart.o
 .text.UART_DMAError
                0x000000000800e62a       0x86 ./Drivers/STM32G0xx_HAL_Driver/Src/stm32g0xx_hal_uart.o
 .text.UART_DMAAbortOnError
                0x000000000800e6b0       0x2e ./Drivers/STM32G0xx_HAL_Driver/Src/stm32g0xx_hal_uart.o
 .text.UART_EndTransmit_IT
                0x000000000800e6de       0x58 ./Drivers/STM32G0xx_HAL_Driver/Src/stm32g0xx_hal_uart.o
 .text.HAL_UARTEx_WakeupCallback
                0x000000000800e736       0x10 ./Drivers/STM32G0xx_HAL_Driver/Src/stm32g0xx_hal_uart_ex.o
                0x000000000800e736                HAL_UARTEx_WakeupCallback
 .text.HAL_UARTEx_RxFifoFullCallback
                0x000000000800e746       0x10 ./Drivers/STM32G0xx_HAL_Driver/Src/stm32g0xx_hal_uart_ex.o
                0x000000000800e746                HAL_UARTEx_RxFifoFullCallback
 .text.HAL_UARTEx_TxFifoEmptyCallback
                0x000000000800e756       0x10 ./Drivers/STM32G0xx_HAL_Driver/Src/stm32g0xx_hal_uart_ex.o
                0x000000000800e756                HAL_UARTEx_TxFifoEmptyCallback
 *fill*         0x000000000800e766        0x2 
 .text.HAL_UARTEx_DisableFifoMode
                0x000000000800e768       0x74 ./Drivers/STM32G0xx_HAL_Driver/Src/stm32g0xx_hal_uart_ex.o
                0x000000000800e768                HAL_UARTEx_DisableFifoMode
 .text.HAL_UARTEx_SetTxFifoThreshold
                0x000000000800e7dc       0x7e ./Drivers/STM32G0xx_HAL_Driver/Src/stm32g0xx_hal_uart_ex.o
                0x000000000800e7dc                HAL_UARTEx_SetTxFifoThreshold
 *fill*         0x000000000800e85a        0x2 
 .text.HAL_UARTEx_SetRxFifoThreshold
                0x000000000800e85c       0x84 ./Drivers/STM32G0xx_HAL_Driver/Src/stm32g0xx_hal_uart_ex.o
                0x000000000800e85c                HAL_UARTEx_SetRxFifoThreshold
 .text.UARTEx_SetNbDataToProcess
                0x000000000800e8e0       0xbc ./Drivers/STM32G0xx_HAL_Driver/Src/stm32g0xx_hal_uart_ex.o
 .text.__NVIC_SetPriority
                0x000000000800e99c       0xdc ./Middlewares/Third_Party/FreeRTOS/Source/CMSIS_RTOS_V2/cmsis_os2.o
 .text.SysTick_Handler
                0x000000000800ea78       0x20 ./Middlewares/Third_Party/FreeRTOS/Source/CMSIS_RTOS_V2/cmsis_os2.o
                0x000000000800ea78                SysTick_Handler
 .text.SVC_Setup
                0x000000000800ea98       0x16 ./Middlewares/Third_Party/FreeRTOS/Source/CMSIS_RTOS_V2/cmsis_os2.o
 *fill*         0x000000000800eaae        0x2 
 .text.osKernelInitialize
                0x000000000800eab0       0x44 ./Middlewares/Third_Party/FreeRTOS/Source/CMSIS_RTOS_V2/cmsis_os2.o
                0x000000000800eab0                osKernelInitialize
 .text.osKernelStart
                0x000000000800eaf4       0x4c ./Middlewares/Third_Party/FreeRTOS/Source/CMSIS_RTOS_V2/cmsis_os2.o
                0x000000000800eaf4                osKernelStart
 .text.osThreadNew
                0x000000000800eb40      0x12c ./Middlewares/Third_Party/FreeRTOS/Source/CMSIS_RTOS_V2/cmsis_os2.o
                0x000000000800eb40                osThreadNew
 .text.osDelay  0x000000000800ec6c       0x38 ./Middlewares/Third_Party/FreeRTOS/Source/CMSIS_RTOS_V2/cmsis_os2.o
                0x000000000800ec6c                osDelay
 .text.osMessageQueueNew
                0x000000000800eca4       0xf2 ./Middlewares/Third_Party/FreeRTOS/Source/CMSIS_RTOS_V2/cmsis_os2.o
                0x000000000800eca4                osMessageQueueNew
 *fill*         0x000000000800ed96        0x2 
 .text.vApplicationGetIdleTaskMemory
                0x000000000800ed98       0x30 ./Middlewares/Third_Party/FreeRTOS/Source/CMSIS_RTOS_V2/cmsis_os2.o
                0x000000000800ed98                vApplicationGetIdleTaskMemory
 .text.vApplicationGetTimerTaskMemory
                0x000000000800edc8       0x30 ./Middlewares/Third_Party/FreeRTOS/Source/CMSIS_RTOS_V2/cmsis_os2.o
                0x000000000800edc8                vApplicationGetTimerTaskMemory
 .text.vListInitialise
                0x000000000800edf8       0x3c ./Middlewares/Third_Party/FreeRTOS/Source/list.o
                0x000000000800edf8                vListInitialise
 .text.vListInitialiseItem
                0x000000000800ee34       0x16 ./Middlewares/Third_Party/FreeRTOS/Source/list.o
                0x000000000800ee34                vListInitialiseItem
 .text.vListInsertEnd
                0x000000000800ee4a       0x44 ./Middlewares/Third_Party/FreeRTOS/Source/list.o
                0x000000000800ee4a                vListInsertEnd
 .text.vListInsert
                0x000000000800ee8e       0x6c ./Middlewares/Third_Party/FreeRTOS/Source/list.o
                0x000000000800ee8e                vListInsert
 .text.uxListRemove
                0x000000000800eefa       0x50 ./Middlewares/Third_Party/FreeRTOS/Source/list.o
                0x000000000800eefa                uxListRemove
 .text.xQueueGenericReset
                0x000000000800ef4a       0xa8 ./Middlewares/Third_Party/FreeRTOS/Source/queue.o
                0x000000000800ef4a                xQueueGenericReset
 .text.xQueueGenericCreateStatic
                0x000000000800eff2       0x98 ./Middlewares/Third_Party/FreeRTOS/Source/queue.o
                0x000000000800eff2                xQueueGenericCreateStatic
 .text.xQueueGenericCreate
                0x000000000800f08a       0x64 ./Middlewares/Third_Party/FreeRTOS/Source/queue.o
                0x000000000800f08a                xQueueGenericCreate
 .text.prvInitialiseNewQueue
                0x000000000800f0ee       0x4e ./Middlewares/Third_Party/FreeRTOS/Source/queue.o
 .text.xQueueGenericSend
                0x000000000800f13c      0x188 ./Middlewares/Third_Party/FreeRTOS/Source/queue.o
                0x000000000800f13c                xQueueGenericSend
 .text.xQueueGenericSendFromISR
                0x000000000800f2c4       0xe8 ./Middlewares/Third_Party/FreeRTOS/Source/queue.o
                0x000000000800f2c4                xQueueGenericSendFromISR
 .text.xQueueReceive
                0x000000000800f3ac      0x16a ./Middlewares/Third_Party/FreeRTOS/Source/queue.o
                0x000000000800f3ac                xQueueReceive
 .text.prvCopyDataToQueue
                0x000000000800f516       0xd6 ./Middlewares/Third_Party/FreeRTOS/Source/queue.o
 .text.prvCopyDataFromQueue
                0x000000000800f5ec       0x4c ./Middlewares/Third_Party/FreeRTOS/Source/queue.o
 .text.prvUnlockQueue
                0x000000000800f638       0xbc ./Middlewares/Third_Party/FreeRTOS/Source/queue.o
 .text.prvIsQueueEmpty
                0x000000000800f6f4       0x2c ./Middlewares/Third_Party/FreeRTOS/Source/queue.o
 .text.prvIsQueueFull
                0x000000000800f720       0x30 ./Middlewares/Third_Party/FreeRTOS/Source/queue.o
 .text.vQueueAddToRegistry
                0x000000000800f750       0x50 ./Middlewares/Third_Party/FreeRTOS/Source/queue.o
                0x000000000800f750                vQueueAddToRegistry
 .text.vQueueWaitForMessageRestricted
                0x000000000800f7a0       0x66 ./Middlewares/Third_Party/FreeRTOS/Source/queue.o
                0x000000000800f7a0                vQueueWaitForMessageRestricted
 .text.xTaskCreateStatic
                0x000000000800f806       0x88 ./Middlewares/Third_Party/FreeRTOS/Source/tasks.o
                0x000000000800f806                xTaskCreateStatic
 .text.xTaskCreate
                0x000000000800f88e       0x98 ./Middlewares/Third_Party/FreeRTOS/Source/tasks.o
                0x000000000800f88e                xTaskCreate
 *fill*         0x000000000800f926        0x2 
 .text.prvInitialiseNewTask
                0x000000000800f928      0x140 ./Middlewares/Third_Party/FreeRTOS/Source/tasks.o
 .text.prvAddNewTaskToReadyList
                0x000000000800fa68       0xd0 ./Middlewares/Third_Party/FreeRTOS/Source/tasks.o
 .text.vTaskDelay
                0x000000000800fb38       0x4c ./Middlewares/Third_Party/FreeRTOS/Source/tasks.o
                0x000000000800fb38                vTaskDelay
 .text.vTaskStartScheduler
                0x000000000800fb84       0xbc ./Middlewares/Third_Party/FreeRTOS/Source/tasks.o
                0x000000000800fb84                vTaskStartScheduler
 .text.vTaskSuspendAll
                0x000000000800fc40       0x18 ./Middlewares/Third_Party/FreeRTOS/Source/tasks.o
                0x000000000800fc40                vTaskSuspendAll
 .text.xTaskResumeAll
                0x000000000800fc58      0x118 ./Middlewares/Third_Party/FreeRTOS/Source/tasks.o
                0x000000000800fc58                xTaskResumeAll
 .text.xTaskGetTickCount
                0x000000000800fd70       0x1c ./Middlewares/Third_Party/FreeRTOS/Source/tasks.o
                0x000000000800fd70                xTaskGetTickCount
 .text.xTaskIncrementTick
                0x000000000800fd8c      0x160 ./Middlewares/Third_Party/FreeRTOS/Source/tasks.o
                0x000000000800fd8c                xTaskIncrementTick
 .text.vTaskSwitchContext
                0x000000000800feec       0xb4 ./Middlewares/Third_Party/FreeRTOS/Source/tasks.o
                0x000000000800feec                vTaskSwitchContext
 .text.vTaskPlaceOnEventList
                0x000000000800ffa0       0x3c ./Middlewares/Third_Party/FreeRTOS/Source/tasks.o
                0x000000000800ffa0                vTaskPlaceOnEventList
 .text.vTaskPlaceOnEventListRestricted
                0x000000000800ffdc       0x4c ./Middlewares/Third_Party/FreeRTOS/Source/tasks.o
                0x000000000800ffdc                vTaskPlaceOnEventListRestricted
 .text.xTaskRemoveFromEventList
                0x0000000008010028       0xb8 ./Middlewares/Third_Party/FreeRTOS/Source/tasks.o
                0x0000000008010028                xTaskRemoveFromEventList
 .text.vTaskInternalSetTimeOutState
                0x00000000080100e0       0x28 ./Middlewares/Third_Party/FreeRTOS/Source/tasks.o
                0x00000000080100e0                vTaskInternalSetTimeOutState
 .text.xTaskCheckForTimeOut
                0x0000000008010108       0xa0 ./Middlewares/Third_Party/FreeRTOS/Source/tasks.o
                0x0000000008010108                xTaskCheckForTimeOut
 .text.vTaskMissedYield
                0x00000000080101a8       0x14 ./Middlewares/Third_Party/FreeRTOS/Source/tasks.o
                0x00000000080101a8                vTaskMissedYield
 .text.prvIdleTask
                0x00000000080101bc       0x20 ./Middlewares/Third_Party/FreeRTOS/Source/tasks.o
 .text.prvInitialiseTaskLists
                0x00000000080101dc       0x88 ./Middlewares/Third_Party/FreeRTOS/Source/tasks.o
 .text.prvCheckTasksWaitingTermination
                0x0000000008010264       0x5c ./Middlewares/Third_Party/FreeRTOS/Source/tasks.o
 .text.prvDeleteTCB
                0x00000000080102c0       0x5a ./Middlewares/Third_Party/FreeRTOS/Source/tasks.o
 *fill*         0x000000000801031a        0x2 
 .text.prvResetNextTaskUnblockTime
                0x000000000801031c       0x3c ./Middlewares/Third_Party/FreeRTOS/Source/tasks.o
 .text.xTaskGetSchedulerState
                0x0000000008010358       0x38 ./Middlewares/Third_Party/FreeRTOS/Source/tasks.o
                0x0000000008010358                xTaskGetSchedulerState
 .text.xTaskPriorityDisinherit
                0x0000000008010390       0xb8 ./Middlewares/Third_Party/FreeRTOS/Source/tasks.o
                0x0000000008010390                xTaskPriorityDisinherit
 .text.prvAddCurrentTaskToDelayedList
                0x0000000008010448       0xa8 ./Middlewares/Third_Party/FreeRTOS/Source/tasks.o
 .text.xTimerCreateTimerTask
                0x00000000080104f0       0x7c ./Middlewares/Third_Party/FreeRTOS/Source/timers.o
                0x00000000080104f0                xTimerCreateTimerTask
 .text.xTimerGenericCommand
                0x000000000801056c       0x94 ./Middlewares/Third_Party/FreeRTOS/Source/timers.o
                0x000000000801056c                xTimerGenericCommand
 .text.prvProcessExpiredTimer
                0x0000000008010600       0x88 ./Middlewares/Third_Party/FreeRTOS/Source/timers.o
 .text.prvTimerTask
                0x0000000008010688       0x28 ./Middlewares/Third_Party/FreeRTOS/Source/timers.o
 .text.prvProcessTimerOrBlockTask
                0x00000000080106b0       0x90 ./Middlewares/Third_Party/FreeRTOS/Source/timers.o
 .text.prvGetNextExpireTime
                0x0000000008010740       0x44 ./Middlewares/Third_Party/FreeRTOS/Source/timers.o
 .text.prvSampleTimeNow
                0x0000000008010784       0x40 ./Middlewares/Third_Party/FreeRTOS/Source/timers.o
 .text.prvInsertTimerInActiveList
                0x00000000080107c4       0x84 ./Middlewares/Third_Party/FreeRTOS/Source/timers.o
 .text.prvProcessReceivedCommands
                0x0000000008010848      0x18c ./Middlewares/Third_Party/FreeRTOS/Source/timers.o
 .text.prvSwitchTimerLists
                0x00000000080109d4       0xbc ./Middlewares/Third_Party/FreeRTOS/Source/timers.o
 .text.prvCheckForValidListAndQueue
                0x0000000008010a90       0x84 ./Middlewares/Third_Party/FreeRTOS/Source/timers.o
 .text.pxPortInitialiseStack
                0x0000000008010b14       0x54 ./Middlewares/Third_Party/FreeRTOS/Source/portable/GCC/ARM_CM0/port.o
                0x0000000008010b14                pxPortInitialiseStack
 .text.prvTaskExitError
                0x0000000008010b68       0x30 ./Middlewares/Third_Party/FreeRTOS/Source/portable/GCC/ARM_CM0/port.o
 .text.SVC_Handler
                0x0000000008010b98        0xa ./Middlewares/Third_Party/FreeRTOS/Source/portable/GCC/ARM_CM0/port.o
                0x0000000008010b98                SVC_Handler
 *fill*         0x0000000008010ba2        0xe 
 .text.vPortStartFirstTask
                0x0000000008010bb0       0x38 ./Middlewares/Third_Party/FreeRTOS/Source/portable/GCC/ARM_CM0/port.o
 .text.xPortStartScheduler
                0x0000000008010be8       0x48 ./Middlewares/Third_Party/FreeRTOS/Source/portable/GCC/ARM_CM0/port.o
                0x0000000008010be8                xPortStartScheduler
 .text.vPortYield
                0x0000000008010c30       0x20 ./Middlewares/Third_Party/FreeRTOS/Source/portable/GCC/ARM_CM0/port.o
                0x0000000008010c30                vPortYield
 .text.vPortEnterCritical
                0x0000000008010c50       0x24 ./Middlewares/Third_Party/FreeRTOS/Source/portable/GCC/ARM_CM0/port.o
                0x0000000008010c50                vPortEnterCritical
 .text.vPortExitCritical
                0x0000000008010c74       0x30 ./Middlewares/Third_Party/FreeRTOS/Source/portable/GCC/ARM_CM0/port.o
                0x0000000008010c74                vPortExitCritical
 .text.ulSetInterruptMaskFromISR
                0x0000000008010ca4        0xc ./Middlewares/Third_Party/FreeRTOS/Source/portable/GCC/ARM_CM0/port.o
                0x0000000008010ca4                ulSetInterruptMaskFromISR
 .text.vClearInterruptMaskFromISR
                0x0000000008010cb0        0x8 ./Middlewares/Third_Party/FreeRTOS/Source/portable/GCC/ARM_CM0/port.o
                0x0000000008010cb0                vClearInterruptMaskFromISR
 *fill*         0x0000000008010cb8        0x8 
 .text.PendSV_Handler
                0x0000000008010cc0       0x48 ./Middlewares/Third_Party/FreeRTOS/Source/portable/GCC/ARM_CM0/port.o
                0x0000000008010cc0                PendSV_Handler
 .text.xPortSysTickHandler
                0x0000000008010d08       0x34 ./Middlewares/Third_Party/FreeRTOS/Source/portable/GCC/ARM_CM0/port.o
                0x0000000008010d08                xPortSysTickHandler
 .text.vPortSetupTimerInterrupt
                0x0000000008010d3c       0x44 ./Middlewares/Third_Party/FreeRTOS/Source/portable/GCC/ARM_CM0/port.o
                0x0000000008010d3c                vPortSetupTimerInterrupt
 .text.pvPortMalloc
                0x0000000008010d80      0x158 ./Middlewares/Third_Party/FreeRTOS/Source/portable/MemMang/heap_4.o
                0x0000000008010d80                pvPortMalloc
 .text.vPortFree
                0x0000000008010ed8       0x9c ./Middlewares/Third_Party/FreeRTOS/Source/portable/MemMang/heap_4.o
                0x0000000008010ed8                vPortFree
 .text.prvHeapInit
                0x0000000008010f74       0xc0 ./Middlewares/Third_Party/FreeRTOS/Source/portable/MemMang/heap_4.o
 .text.prvInsertBlockIntoFreeList
                0x0000000008011034       0xb0 ./Middlewares/Third_Party/FreeRTOS/Source/portable/MemMang/heap_4.o
 .text.atoi     0x00000000080110e4        0xc C:/ST/STM32CubeIDE_1.13.2/STM32CubeIDE/plugins/com.st.stm32cube.ide.mcu.externaltools.gnu-tools-for-stm32.11.3.rel1.win32_1.1.1.202309131626/tools/bin/../lib/gcc/arm-none-eabi/11.3.1/../../../../arm-none-eabi/lib/thumb/v6-m/nofp\libc_nano.a(libc_a-atoi.o)
                0x00000000080110e4                atoi
 .text.malloc   0x00000000080110f0       0x14 C:/ST/STM32CubeIDE_1.13.2/STM32CubeIDE/plugins/com.st.stm32cube.ide.mcu.externaltools.gnu-tools-for-stm32.11.3.rel1.win32_1.1.1.202309131626/tools/bin/../lib/gcc/arm-none-eabi/11.3.1/../../../../arm-none-eabi/lib/thumb/v6-m/nofp\libc_nano.a(libc_a-malloc.o)
                0x00000000080110f0                malloc
 .text.sbrk_aligned
                0x0000000008011104       0x44 C:/ST/STM32CubeIDE_1.13.2/STM32CubeIDE/plugins/com.st.stm32cube.ide.mcu.externaltools.gnu-tools-for-stm32.11.3.rel1.win32_1.1.1.202309131626/tools/bin/../lib/gcc/arm-none-eabi/11.3.1/../../../../arm-none-eabi/lib/thumb/v6-m/nofp\libc_nano.a(libc_a-mallocr.o)
 .text._malloc_r
                0x0000000008011148      0x104 C:/ST/STM32CubeIDE_1.13.2/STM32CubeIDE/plugins/com.st.stm32cube.ide.mcu.externaltools.gnu-tools-for-stm32.11.3.rel1.win32_1.1.1.202309131626/tools/bin/../lib/gcc/arm-none-eabi/11.3.1/../../../../arm-none-eabi/lib/thumb/v6-m/nofp\libc_nano.a(libc_a-mallocr.o)
                0x0000000008011148                _malloc_r
 .text.__malloc_lock
                0x000000000801124c       0x10 C:/ST/STM32CubeIDE_1.13.2/STM32CubeIDE/plugins/com.st.stm32cube.ide.mcu.externaltools.gnu-tools-for-stm32.11.3.rel1.win32_1.1.1.202309131626/tools/bin/../lib/gcc/arm-none-eabi/11.3.1/../../../../arm-none-eabi/lib/thumb/v6-m/nofp\libc_nano.a(libc_a-mlock.o)
                0x000000000801124c                __malloc_lock
 .text.__malloc_unlock
                0x000000000801125c       0x10 C:/ST/STM32CubeIDE_1.13.2/STM32CubeIDE/plugins/com.st.stm32cube.ide.mcu.externaltools.gnu-tools-for-stm32.11.3.rel1.win32_1.1.1.202309131626/tools/bin/../lib/gcc/arm-none-eabi/11.3.1/../../../../arm-none-eabi/lib/thumb/v6-m/nofp\libc_nano.a(libc_a-mlock.o)
                0x000000000801125c                __malloc_unlock
 .text.sulp     0x000000000801126c       0x30 C:/ST/STM32CubeIDE_1.13.2/STM32CubeIDE/plugins/com.st.stm32cube.ide.mcu.externaltools.gnu-tools-for-stm32.11.3.rel1.win32_1.1.1.202309131626/tools/bin/../lib/gcc/arm-none-eabi/11.3.1/../../../../arm-none-eabi/lib/thumb/v6-m/nofp\libc_nano.a(libc_a-strtod.o)
 .text._strtod_l
                0x000000000801129c      0xc14 C:/ST/STM32CubeIDE_1.13.2/STM32CubeIDE/plugins/com.st.stm32cube.ide.mcu.externaltools.gnu-tools-for-stm32.11.3.rel1.win32_1.1.1.202309131626/tools/bin/../lib/gcc/arm-none-eabi/11.3.1/../../../../arm-none-eabi/lib/thumb/v6-m/nofp\libc_nano.a(libc_a-strtod.o)
                0x000000000801129c                _strtod_l
 .text._strtod_r
                0x0000000008011eb0       0x10 C:/ST/STM32CubeIDE_1.13.2/STM32CubeIDE/plugins/com.st.stm32cube.ide.mcu.externaltools.gnu-tools-for-stm32.11.3.rel1.win32_1.1.1.202309131626/tools/bin/../lib/gcc/arm-none-eabi/11.3.1/../../../../arm-none-eabi/lib/thumb/v6-m/nofp\libc_nano.a(libc_a-strtod.o)
                0x0000000008011eb0                _strtod_r
 .text.strtod   0x0000000008011ec0       0x1c C:/ST/STM32CubeIDE_1.13.2/STM32CubeIDE/plugins/com.st.stm32cube.ide.mcu.externaltools.gnu-tools-for-stm32.11.3.rel1.win32_1.1.1.202309131626/tools/bin/../lib/gcc/arm-none-eabi/11.3.1/../../../../arm-none-eabi/lib/thumb/v6-m/nofp\libc_nano.a(libc_a-strtod.o)
                0x0000000008011ec0                strtod
 .text._strtol_l.constprop.0
                0x0000000008011edc      0x10c C:/ST/STM32CubeIDE_1.13.2/STM32CubeIDE/plugins/com.st.stm32cube.ide.mcu.externaltools.gnu-tools-for-stm32.11.3.rel1.win32_1.1.1.202309131626/tools/bin/../lib/gcc/arm-none-eabi/11.3.1/../../../../arm-none-eabi/lib/thumb/v6-m/nofp\libc_nano.a(libc_a-strtol.o)
 .text._strtol_r
                0x0000000008011fe8        0x8 C:/ST/STM32CubeIDE_1.13.2/STM32CubeIDE/plugins/com.st.stm32cube.ide.mcu.externaltools.gnu-tools-for-stm32.11.3.rel1.win32_1.1.1.202309131626/tools/bin/../lib/gcc/arm-none-eabi/11.3.1/../../../../arm-none-eabi/lib/thumb/v6-m/nofp\libc_nano.a(libc_a-strtol.o)
                0x0000000008011fe8                _strtol_r
 .text.strtol   0x0000000008011ff0       0x18 C:/ST/STM32CubeIDE_1.13.2/STM32CubeIDE/plugins/com.st.stm32cube.ide.mcu.externaltools.gnu-tools-for-stm32.11.3.rel1.win32_1.1.1.202309131626/tools/bin/../lib/gcc/arm-none-eabi/11.3.1/../../../../arm-none-eabi/lib/thumb/v6-m/nofp\libc_nano.a(libc_a-strtol.o)
                0x0000000008011ff0                strtol
 .text.__cvt    0x0000000008012008       0xc6 C:/ST/STM32CubeIDE_1.13.2/STM32CubeIDE/plugins/com.st.stm32cube.ide.mcu.externaltools.gnu-tools-for-stm32.11.3.rel1.win32_1.1.1.202309131626/tools/bin/../lib/gcc/arm-none-eabi/11.3.1/../../../../arm-none-eabi/lib/thumb/v6-m/nofp\libc_nano.a(libc_a-nano-vfprintf_float.o)
                0x0000000008012008                __cvt
 .text.__exponent
                0x00000000080120ce       0x8a C:/ST/STM32CubeIDE_1.13.2/STM32CubeIDE/plugins/com.st.stm32cube.ide.mcu.externaltools.gnu-tools-for-stm32.11.3.rel1.win32_1.1.1.202309131626/tools/bin/../lib/gcc/arm-none-eabi/11.3.1/../../../../arm-none-eabi/lib/thumb/v6-m/nofp\libc_nano.a(libc_a-nano-vfprintf_float.o)
                0x00000000080120ce                __exponent
 .text._printf_float
                0x0000000008012158      0x4ac C:/ST/STM32CubeIDE_1.13.2/STM32CubeIDE/plugins/com.st.stm32cube.ide.mcu.externaltools.gnu-tools-for-stm32.11.3.rel1.win32_1.1.1.202309131626/tools/bin/../lib/gcc/arm-none-eabi/11.3.1/../../../../arm-none-eabi/lib/thumb/v6-m/nofp\libc_nano.a(libc_a-nano-vfprintf_float.o)
                0x0000000008012158                _printf_float
 .text._printf_common
                0x0000000008012604       0xde C:/ST/STM32CubeIDE_1.13.2/STM32CubeIDE/plugins/com.st.stm32cube.ide.mcu.externaltools.gnu-tools-for-stm32.11.3.rel1.win32_1.1.1.202309131626/tools/bin/../lib/gcc/arm-none-eabi/11.3.1/../../../../arm-none-eabi/lib/thumb/v6-m/nofp\libc_nano.a(libc_a-nano-vfprintf_i.o)
                0x0000000008012604                _printf_common
 *fill*         0x00000000080126e2        0x2 
 .text._printf_i
                0x00000000080126e4      0x220 C:/ST/STM32CubeIDE_1.13.2/STM32CubeIDE/plugins/com.st.stm32cube.ide.mcu.externaltools.gnu-tools-for-stm32.11.3.rel1.win32_1.1.1.202309131626/tools/bin/../lib/gcc/arm-none-eabi/11.3.1/../../../../arm-none-eabi/lib/thumb/v6-m/nofp\libc_nano.a(libc_a-nano-vfprintf_i.o)
                0x00000000080126e4                _printf_i
 .text._scanf_float
                0x0000000008012904      0x410 C:/ST/STM32CubeIDE_1.13.2/STM32CubeIDE/plugins/com.st.stm32cube.ide.mcu.externaltools.gnu-tools-for-stm32.11.3.rel1.win32_1.1.1.202309131626/tools/bin/../lib/gcc/arm-none-eabi/11.3.1/../../../../arm-none-eabi/lib/thumb/v6-m/nofp\libc_nano.a(libc_a-nano-vfscanf_float.o)
                0x0000000008012904                _scanf_float
 .text.std      0x0000000008012d14       0x6c C:/ST/STM32CubeIDE_1.13.2/STM32CubeIDE/plugins/com.st.stm32cube.ide.mcu.externaltools.gnu-tools-for-stm32.11.3.rel1.win32_1.1.1.202309131626/tools/bin/../lib/gcc/arm-none-eabi/11.3.1/../../../../arm-none-eabi/lib/thumb/v6-m/nofp\libc_nano.a(libc_a-findfp.o)
 .text.stdio_exit_handler
                0x0000000008012d80       0x1c C:/ST/STM32CubeIDE_1.13.2/STM32CubeIDE/plugins/com.st.stm32cube.ide.mcu.externaltools.gnu-tools-for-stm32.11.3.rel1.win32_1.1.1.202309131626/tools/bin/../lib/gcc/arm-none-eabi/11.3.1/../../../../arm-none-eabi/lib/thumb/v6-m/nofp\libc_nano.a(libc_a-findfp.o)
 .text.cleanup_stdio
                0x0000000008012d9c       0x3c C:/ST/STM32CubeIDE_1.13.2/STM32CubeIDE/plugins/com.st.stm32cube.ide.mcu.externaltools.gnu-tools-for-stm32.11.3.rel1.win32_1.1.1.202309131626/tools/bin/../lib/gcc/arm-none-eabi/11.3.1/../../../../arm-none-eabi/lib/thumb/v6-m/nofp\libc_nano.a(libc_a-findfp.o)
 .text.global_stdio_init.part.0
                0x0000000008012dd8       0x3c C:/ST/STM32CubeIDE_1.13.2/STM32CubeIDE/plugins/com.st.stm32cube.ide.mcu.externaltools.gnu-tools-for-stm32.11.3.rel1.win32_1.1.1.202309131626/tools/bin/../lib/gcc/arm-none-eabi/11.3.1/../../../../arm-none-eabi/lib/thumb/v6-m/nofp\libc_nano.a(libc_a-findfp.o)
 .text.__sfp_lock_acquire
                0x0000000008012e14       0x10 C:/ST/STM32CubeIDE_1.13.2/STM32CubeIDE/plugins/com.st.stm32cube.ide.mcu.externaltools.gnu-tools-for-stm32.11.3.rel1.win32_1.1.1.202309131626/tools/bin/../lib/gcc/arm-none-eabi/11.3.1/../../../../arm-none-eabi/lib/thumb/v6-m/nofp\libc_nano.a(libc_a-findfp.o)
                0x0000000008012e14                __sfp_lock_acquire
 .text.__sfp_lock_release
                0x0000000008012e24       0x10 C:/ST/STM32CubeIDE_1.13.2/STM32CubeIDE/plugins/com.st.stm32cube.ide.mcu.externaltools.gnu-tools-for-stm32.11.3.rel1.win32_1.1.1.202309131626/tools/bin/../lib/gcc/arm-none-eabi/11.3.1/../../../../arm-none-eabi/lib/thumb/v6-m/nofp\libc_nano.a(libc_a-findfp.o)
                0x0000000008012e24                __sfp_lock_release
 .text.__sinit  0x0000000008012e34       0x30 C:/ST/STM32CubeIDE_1.13.2/STM32CubeIDE/plugins/com.st.stm32cube.ide.mcu.externaltools.gnu-tools-for-stm32.11.3.rel1.win32_1.1.1.202309131626/tools/bin/../lib/gcc/arm-none-eabi/11.3.1/../../../../arm-none-eabi/lib/thumb/v6-m/nofp\libc_nano.a(libc_a-findfp.o)
                0x0000000008012e34                __sinit
 .text._fwalk_sglue
                0x0000000008012e64       0x38 C:/ST/STM32CubeIDE_1.13.2/STM32CubeIDE/plugins/com.st.stm32cube.ide.mcu.externaltools.gnu-tools-for-stm32.11.3.rel1.win32_1.1.1.202309131626/tools/bin/../lib/gcc/arm-none-eabi/11.3.1/../../../../arm-none-eabi/lib/thumb/v6-m/nofp\libc_nano.a(libc_a-fwalk.o)
                0x0000000008012e64                _fwalk_sglue
 .text.snprintf
                0x0000000008012e9c       0x68 C:/ST/STM32CubeIDE_1.13.2/STM32CubeIDE/plugins/com.st.stm32cube.ide.mcu.externaltools.gnu-tools-for-stm32.11.3.rel1.win32_1.1.1.202309131626/tools/bin/../lib/gcc/arm-none-eabi/11.3.1/../../../../arm-none-eabi/lib/thumb/v6-m/nofp\libc_nano.a(libc_a-snprintf.o)
                0x0000000008012e9c                sniprintf
                0x0000000008012e9c                snprintf
 .text.sprintf  0x0000000008012f04       0x40 C:/ST/STM32CubeIDE_1.13.2/STM32CubeIDE/plugins/com.st.stm32cube.ide.mcu.externaltools.gnu-tools-for-stm32.11.3.rel1.win32_1.1.1.202309131626/tools/bin/../lib/gcc/arm-none-eabi/11.3.1/../../../../arm-none-eabi/lib/thumb/v6-m/nofp\libc_nano.a(libc_a-sprintf.o)
                0x0000000008012f04                siprintf
                0x0000000008012f04                sprintf
 .text.__sread  0x0000000008012f44       0x28 C:/ST/STM32CubeIDE_1.13.2/STM32CubeIDE/plugins/com.st.stm32cube.ide.mcu.externaltools.gnu-tools-for-stm32.11.3.rel1.win32_1.1.1.202309131626/tools/bin/../lib/gcc/arm-none-eabi/11.3.1/../../../../arm-none-eabi/lib/thumb/v6-m/nofp\libc_nano.a(libc_a-stdio.o)
                0x0000000008012f44                __sread
 .text.__swrite
                0x0000000008012f6c       0x38 C:/ST/STM32CubeIDE_1.13.2/STM32CubeIDE/plugins/com.st.stm32cube.ide.mcu.externaltools.gnu-tools-for-stm32.11.3.rel1.win32_1.1.1.202309131626/tools/bin/../lib/gcc/arm-none-eabi/11.3.1/../../../../arm-none-eabi/lib/thumb/v6-m/nofp\libc_nano.a(libc_a-stdio.o)
                0x0000000008012f6c                __swrite
 .text.__sseek  0x0000000008012fa4       0x2c C:/ST/STM32CubeIDE_1.13.2/STM32CubeIDE/plugins/com.st.stm32cube.ide.mcu.externaltools.gnu-tools-for-stm32.11.3.rel1.win32_1.1.1.202309131626/tools/bin/../lib/gcc/arm-none-eabi/11.3.1/../../../../arm-none-eabi/lib/thumb/v6-m/nofp\libc_nano.a(libc_a-stdio.o)
                0x0000000008012fa4                __sseek
 .text.__sclose
                0x0000000008012fd0        0xc C:/ST/STM32CubeIDE_1.13.2/STM32CubeIDE/plugins/com.st.stm32cube.ide.mcu.externaltools.gnu-tools-for-stm32.11.3.rel1.win32_1.1.1.202309131626/tools/bin/../lib/gcc/arm-none-eabi/11.3.1/../../../../arm-none-eabi/lib/thumb/v6-m/nofp\libc_nano.a(libc_a-stdio.o)
                0x0000000008012fd0                __sclose
 .text.memset   0x0000000008012fdc       0x10 C:/ST/STM32CubeIDE_1.13.2/STM32CubeIDE/plugins/com.st.stm32cube.ide.mcu.externaltools.gnu-tools-for-stm32.11.3.rel1.win32_1.1.1.202309131626/tools/bin/../lib/gcc/arm-none-eabi/11.3.1/../../../../arm-none-eabi/lib/thumb/v6-m/nofp\libc_nano.a(libc_a-memset.o)
                0x0000000008012fdc                memset
 .text.strcat   0x0000000008012fec       0x1a C:/ST/STM32CubeIDE_1.13.2/STM32CubeIDE/plugins/com.st.stm32cube.ide.mcu.externaltools.gnu-tools-for-stm32.11.3.rel1.win32_1.1.1.202309131626/tools/bin/../lib/gcc/arm-none-eabi/11.3.1/../../../../arm-none-eabi/lib/thumb/v6-m/nofp\libc_nano.a(libc_a-strcat.o)
                0x0000000008012fec                strcat
 .text.strchr   0x0000000008013006       0x1c C:/ST/STM32CubeIDE_1.13.2/STM32CubeIDE/plugins/com.st.stm32cube.ide.mcu.externaltools.gnu-tools-for-stm32.11.3.rel1.win32_1.1.1.202309131626/tools/bin/../lib/gcc/arm-none-eabi/11.3.1/../../../../arm-none-eabi/lib/thumb/v6-m/nofp\libc_nano.a(libc_a-strchr.o)
                0x0000000008013006                strchr
 .text.strncmp  0x0000000008013022       0x22 C:/ST/STM32CubeIDE_1.13.2/STM32CubeIDE/plugins/com.st.stm32cube.ide.mcu.externaltools.gnu-tools-for-stm32.11.3.rel1.win32_1.1.1.202309131626/tools/bin/../lib/gcc/arm-none-eabi/11.3.1/../../../../arm-none-eabi/lib/thumb/v6-m/nofp\libc_nano.a(libc_a-strncmp.o)
                0x0000000008013022                strncmp
 .text.strncpy  0x0000000008013044       0x28 C:/ST/STM32CubeIDE_1.13.2/STM32CubeIDE/plugins/com.st.stm32cube.ide.mcu.externaltools.gnu-tools-for-stm32.11.3.rel1.win32_1.1.1.202309131626/tools/bin/../lib/gcc/arm-none-eabi/11.3.1/../../../../arm-none-eabi/lib/thumb/v6-m/nofp\libc_nano.a(libc_a-strncpy.o)
                0x0000000008013044                strncpy
 .text.strtok   0x000000000801306c       0x68 C:/ST/STM32CubeIDE_1.13.2/STM32CubeIDE/plugins/com.st.stm32cube.ide.mcu.externaltools.gnu-tools-for-stm32.11.3.rel1.win32_1.1.1.202309131626/tools/bin/../lib/gcc/arm-none-eabi/11.3.1/../../../../arm-none-eabi/lib/thumb/v6-m/nofp\libc_nano.a(libc_a-strtok.o)
                0x000000000801306c                strtok
 .text.__strtok_r
                0x00000000080130d4       0x5e C:/ST/STM32CubeIDE_1.13.2/STM32CubeIDE/plugins/com.st.stm32cube.ide.mcu.externaltools.gnu-tools-for-stm32.11.3.rel1.win32_1.1.1.202309131626/tools/bin/../lib/gcc/arm-none-eabi/11.3.1/../../../../arm-none-eabi/lib/thumb/v6-m/nofp\libc_nano.a(libc_a-strtok_r.o)
                0x00000000080130d4                __strtok_r
 .text.strtok_r
                0x0000000008013132        0xa C:/ST/STM32CubeIDE_1.13.2/STM32CubeIDE/plugins/com.st.stm32cube.ide.mcu.externaltools.gnu-tools-for-stm32.11.3.rel1.win32_1.1.1.202309131626/tools/bin/../lib/gcc/arm-none-eabi/11.3.1/../../../../arm-none-eabi/lib/thumb/v6-m/nofp\libc_nano.a(libc_a-strtok_r.o)
                0x0000000008013132                strtok_r
 .text.strstr   0x000000000801313c       0x2c C:/ST/STM32CubeIDE_1.13.2/STM32CubeIDE/plugins/com.st.stm32cube.ide.mcu.externaltools.gnu-tools-for-stm32.11.3.rel1.win32_1.1.1.202309131626/tools/bin/../lib/gcc/arm-none-eabi/11.3.1/../../../../arm-none-eabi/lib/thumb/v6-m/nofp\libc_nano.a(libc_a-strstr.o)
                0x000000000801313c                strstr
 .text._localeconv_r
                0x0000000008013168        0x8 C:/ST/STM32CubeIDE_1.13.2/STM32CubeIDE/plugins/com.st.stm32cube.ide.mcu.externaltools.gnu-tools-for-stm32.11.3.rel1.win32_1.1.1.202309131626/tools/bin/../lib/gcc/arm-none-eabi/11.3.1/../../../../arm-none-eabi/lib/thumb/v6-m/nofp\libc_nano.a(libc_a-localeconv.o)
                0x0000000008013168                _localeconv_r
 .text._close_r
                0x0000000008013170       0x24 C:/ST/STM32CubeIDE_1.13.2/STM32CubeIDE/plugins/com.st.stm32cube.ide.mcu.externaltools.gnu-tools-for-stm32.11.3.rel1.win32_1.1.1.202309131626/tools/bin/../lib/gcc/arm-none-eabi/11.3.1/../../../../arm-none-eabi/lib/thumb/v6-m/nofp\libc_nano.a(libc_a-closer.o)
                0x0000000008013170                _close_r
 .text._reclaim_reent
                0x0000000008013194       0xbc C:/ST/STM32CubeIDE_1.13.2/STM32CubeIDE/plugins/com.st.stm32cube.ide.mcu.externaltools.gnu-tools-for-stm32.11.3.rel1.win32_1.1.1.202309131626/tools/bin/../lib/gcc/arm-none-eabi/11.3.1/../../../../arm-none-eabi/lib/thumb/v6-m/nofp\libc_nano.a(libc_a-reent.o)
                0x0000000008013194                _reclaim_reent
 .text._lseek_r
                0x0000000008013250       0x28 C:/ST/STM32CubeIDE_1.13.2/STM32CubeIDE/plugins/com.st.stm32cube.ide.mcu.externaltools.gnu-tools-for-stm32.11.3.rel1.win32_1.1.1.202309131626/tools/bin/../lib/gcc/arm-none-eabi/11.3.1/../../../../arm-none-eabi/lib/thumb/v6-m/nofp\libc_nano.a(libc_a-lseekr.o)
                0x0000000008013250                _lseek_r
 .text._read_r  0x0000000008013278       0x28 C:/ST/STM32CubeIDE_1.13.2/STM32CubeIDE/plugins/com.st.stm32cube.ide.mcu.externaltools.gnu-tools-for-stm32.11.3.rel1.win32_1.1.1.202309131626/tools/bin/../lib/gcc/arm-none-eabi/11.3.1/../../../../arm-none-eabi/lib/thumb/v6-m/nofp\libc_nano.a(libc_a-readr.o)
                0x0000000008013278                _read_r
 .text._sbrk_r  0x00000000080132a0       0x24 C:/ST/STM32CubeIDE_1.13.2/STM32CubeIDE/plugins/com.st.stm32cube.ide.mcu.externaltools.gnu-tools-for-stm32.11.3.rel1.win32_1.1.1.202309131626/tools/bin/../lib/gcc/arm-none-eabi/11.3.1/../../../../arm-none-eabi/lib/thumb/v6-m/nofp\libc_nano.a(libc_a-sbrkr.o)
                0x00000000080132a0                _sbrk_r
 .text._write_r
                0x00000000080132c4       0x28 C:/ST/STM32CubeIDE_1.13.2/STM32CubeIDE/plugins/com.st.stm32cube.ide.mcu.externaltools.gnu-tools-for-stm32.11.3.rel1.win32_1.1.1.202309131626/tools/bin/../lib/gcc/arm-none-eabi/11.3.1/../../../../arm-none-eabi/lib/thumb/v6-m/nofp\libc_nano.a(libc_a-writer.o)
                0x00000000080132c4                _write_r
 .text.__errno  0x00000000080132ec        0xc C:/ST/STM32CubeIDE_1.13.2/STM32CubeIDE/plugins/com.st.stm32cube.ide.mcu.externaltools.gnu-tools-for-stm32.11.3.rel1.win32_1.1.1.202309131626/tools/bin/../lib/gcc/arm-none-eabi/11.3.1/../../../../arm-none-eabi/lib/thumb/v6-m/nofp\libc_nano.a(libc_a-errno.o)
                0x00000000080132ec                __errno