../Core/Src/main.c:855:6:StartTask02	8	static
../Core/Src/main.c:875:6:StartTask03	8	static
../Core/Src/main.c:817:6:StartDefaultTask	16	static
../Core/Src/main.c:283:6:SystemClock_Config	80	static,ignoring_inline_asm
../Core/Src/main.c:188:5:main	88	static,ignoring_inline_asm
../Core/Src/main.c:773:6:HAL_UART_TxCpltCallback	0	static
../Core/Src/main.c:778:6:HAL_UART_RxCpltCallback	8	static
../Core/Src/main.c:792:6:HAL_UART_ErrorCallback	0	static
../Core/Src/main.c:894:6:HAL_TIM_PeriodElapsedCallback	8	static
../Core/Src/main.c:920:6:Error_Handler	0	static,ignoring_inline_asm
