../Core/Inc/gsm.h:105:6:go2APP	16	static,ignoring_inline_asm
../Core/Inc/gsm.h:133:6:build_decoding_table	8	static
../Core/Inc/gsm.h:143:10:Flash_Write_Data	24	static
../Core/Inc/gsm.h:161:5:Flash_Write	24	static
../Core/Inc/gsm.h:174:5:Flash_erase	48	static
../Core/Inc/gsm.h:220:5:base64_decode	568	static
../Core/Inc/gsm.h:273:6:RestartGSM	16	static
../Core/Inc/gsm.h:291:6:SendGSMCode	32	static
../Core/Inc/gsm.h:425:5:SendGSMCodeFOTA	64	static
../Core/Inc/gsm.h:526:6:SendGSMCodeD	16	static
../Core/Inc/gsm.h:536:6:SendGSMCodeL	32	static
../Core/Inc/gsm.h:555:6:SendGSMData	32	static
../Core/Inc/gsm.h:574:6:EndTransfer	24	static
../Core/Inc/gsm.h:586:5:waitForResponse	32	static
../Core/Inc/gsm.h:606:7:GetGSMReply	64	static
../Core/Inc/gsm.h:693:5:GSMSigQuality	48	static
../Core/Inc/gsm.h:721:7:GSMSimOperator	24	static
../Core/Inc/gsm.h:727:7:GSMSimOperator_test	24	static
../Core/Inc/gsm.h:734:5:GSMSimOperatorChkList	40	static
../Core/Inc/gsm.h:753:7:GSMIMEI	24	static
../Core/Inc/gsm.h:759:7:GSMSimNo	24	static
../Core/Inc/gsm.h:765:5:DownloadFile	88	static,ignoring_inline_asm
../Core/Inc/gsm.h:1002:6:StopTCPConnection	24	static
../Core/Inc/gsm.h:1022:6:SendTCPdata	32	static
../Core/Inc/gsm.h:958:6:StartTCPConnection	48	static
../Core/Inc/gsm.h:1142:7:GSMCellInfo	168	static
../Core/Inc/gsm.h:1278:7:SetTCPMux	24	static
../Core/Inc/gsm.h:1284:6:ResetTCP	8	static
../Core/Inc/gsm.h:1291:6:ProcessTCPAll	32	static
../Core/Inc/gsm.h:1320:5:sendSMS	40	static
../Core/Inc/gsm.h:1336:6:SetupGPRS	80	static
../Core/Inc/gsm.h:1384:6:ShiftGSMProfile	72	static
../Core/Inc/gsm.h:1466:6:InitGSM	64	static
../Core/Src/main.c:102:7:stor	32	static
../Core/Src/main.c:135:6:HAL_UART_TxCpltCallback	0	static
../Core/Src/main.c:140:6:HAL_UART_RxCpltCallback	16	static
../Core/Src/main.c:163:6:HAL_UART_ErrorCallback	8	static
../Core/Src/main.c:181:6:restartGSMuart	8	static
../Core/Src/main.c:347:6:SystemClock_Config	80	static,ignoring_inline_asm
../Core/Src/main.c:277:5:main	88	static,ignoring_inline_asm
../Core/Src/main.c:648:6:HAL_TIM_PeriodElapsedCallback	8	static
../Core/Src/main.c:665:6:Error_Handler	0	static,ignoring_inline_asm
