../Core/Src/stm32g0xx_it.c:75:6:NMI_Handler	0	static
../Core/Src/stm32g0xx_it.c:90:6:HardFault_Handler	0	static
../Core/Src/stm32g0xx_it.c:105:6:SVC_Handler	0	static
../Core/Src/stm32g0xx_it.c:118:6:PendSV_Handler	0	static
../Core/Src/stm32g0xx_it.c:131:6:SysTick_Handler	0	static
../Core/Src/stm32g0xx_it.c:152:6:DMA1_Channel2_3_IRQHandler	8	static
../Core/Src/stm32g0xx_it.c:166:6:DMA1_Ch4_7_DMAMUX1_OVR_IRQHandler	8	static
../Core/Src/stm32g0xx_it.c:180:6:TIM1_BRK_UP_TRG_COM_IRQHandler	8	static
../Core/Src/stm32g0xx_it.c:194:6:TIM6_IRQHandler	8	static
../Core/Src/stm32g0xx_it.c:208:6:USART1_IRQHandler	8	static
../Core/Src/stm32g0xx_it.c:222:6:USART3_4_IRQHandler	8	static
