../Drivers/CMSIS/Include/core_cm0plus.h:985:34:__NVIC_SystemReset	8	static,ignoring_inline_asm
../Core/Inc/gpio.h:55:12:Read_DI_IN1	16	static
../Core/Inc/gpio.h:59:12:Read_DI_IN2	16	static
../Core/Inc/gpio.h:63:12:Read_DI_IN3	16	static
../Core/Inc/gpio.h:67:12:Read_DI_MAINS_STATE	16	static
../Core/Inc/gpio.h:71:12:Read_DI_ACC_STATE	16	static
../Core/Inc/gpio.h:75:13:Read_DI_BOX_STATE	16	static
../Core/Inc/gpio.h:83:12:Read_DI_SOS_STATE	16	static
../Core/Inc/gpio.h:98:13:Init_ADC	8	static
../Core/Inc/gpio.h:102:14:Read_ADC1	16	static
../Core/Inc/gpio.h:109:14:Read_ADC2	8	static
../Core/Inc/gpio.h:113:14:Read_EXT_B_SENSE	8	static
../Core/Inc/gpio.h:117:14:Read_INT_B_SENSE	8	static
../Core/Inc/gpio.h:127:13:SET_OUT3_P_LED	16	static
../Core/Inc/gpio.h:136:13:SET_5V_OUT_EN	16	static
../Core/Inc/gpio.h:146:13:SET_OUT2	16	static
../Core/Inc/gpio.h:155:13:SET_OUT1	16	static
../Core/Inc/gpio.h:164:13:SET_LED_GPS	16	static
../Core/Inc/gpio.h:173:13:SET_LED_NET	16	static
../Core/Inc/gpio.h:182:13:SET_LED_PWR	16	static
../Core/Inc/gpio.h:191:13:SET_GPS_VCC_EN	16	static
../Core/Inc/gpio.h:200:13:SET_PWRKEY	16	static
../Core/Inc/gpio.h:209:13:SET_GSM_VCC_EN	16	static
../Core/Inc/gsm.h:89:6:build_decoding_table	16	static
../Core/Inc/gsm.h:99:10:Flash_Write_Data	24	static
../Core/Inc/gsm.h:117:5:Flash_Write	56	static
../Core/Inc/gsm.h:130:5:Flash_erase	32	static
../Core/Inc/gsm.h:156:5:base64_decode	568	static
../Core/Inc/gsm.h:209:6:RestartGSM	8	static
../Core/Inc/gsm.h:227:6:SendGSMCode	16	static
../Core/Inc/gsm.h:246:5:SendGSMCodeFOTA	56	static
../Core/Inc/gsm.h:346:6:SendGSMCodeD	16	static
../Core/Inc/gsm.h:356:6:SendGSMCodeL	16	static
../Core/Inc/gsm.h:375:6:SendGSMData	32	static
../Core/Inc/gsm.h:394:6:EndTransfer	16	static
../Core/Inc/gsm.h:406:5:waitForResponse	40	static
../Core/Inc/gsm.h:424:7:GetGSMReply	48	static
../Core/Inc/gsm.h:511:5:GSMSigQuality	24	static
../Core/Inc/gsm.h:539:7:GSMSimOperator	24	static
../Core/Inc/gsm.h:545:7:GSMSimOperator_test	24	static
../Core/Inc/gsm.h:552:5:GSMSimOperatorChkList	32	static
../Core/Inc/gsm.h:571:7:GSMIMEI	24	static
../Core/Inc/gsm.h:577:7:GSMSimNo	24	static
../Core/Inc/gsm.h:583:5:DownloadFile	80	static
../Core/Inc/gsm.h:654:5:DownloadFileTCP	8	static
../Core/Inc/gsm.h:752:6:StartTCPConnection	40	static
../Core/Inc/gsm.h:796:6:StopTCPConnection	32	static
../Core/Inc/gsm.h:816:6:SendTCPdata	24	static
../Core/Inc/gsm.h:936:7:GSMCellInfo	104	static
../Core/Inc/gsm.h:1071:7:SetTCPMux	24	static
../Core/Inc/gsm.h:1077:6:ResetTCP	8	static
../Core/Inc/gsm.h:1084:6:ProcessTCPAll	24	static
../Core/Inc/gsm.h:1113:5:sendSMS	40	static
../Core/Inc/gsm.h:1129:6:SetupGPRS	48	static
../Core/Inc/gsm.h:1177:6:ShiftGSMProfile	32	static
../Core/Inc/gsm.h:1259:6:InitGSM	32	static
../Core/Inc/mem.h:117:6:SPI_flash_sent_byte	16	static
../Core/Inc/mem.h:121:6:SPI_flash_Write_Enable	8	static
../Core/Inc/mem.h:127:6:SPI_flash_Write_Disable	8	static
../Core/Inc/mem.h:133:6:SPI_flash_sent_address	16	static
../Core/Inc/mem.h:139:6:SPI_flash_TransmitReceive	32	static
../Core/Inc/mem.h:143:6:SPI_flash_get_device_ID	152	static
../Core/Inc/mem.h:200:6:SPI_flash_Block_Erase	16	static
../Core/Inc/mem.h:210:6:SPI_flash_Sector_Erase	16	static
../Core/Inc/mem.h:220:6:SPI_flash_Chip_Erase	8	static
../Core/Inc/mem.h:228:6:SPI_flash_Power_down	8	static
../Core/Inc/mem.h:237:6:SPI_flash_Page_Program	24	static
../Core/Inc/mem.h:251:6:SPI_flash_Read_Data	24	static
../Core/Inc/mem.h:264:10:incrimentAddress	24	static
../Core/Inc/mem.h:274:6:incrimentAddress2	24	static
../Core/Inc/mem.h:283:6:printAdd	48	static
../Core/Inc/mem.h:290:6:WriteQdata	16	static
../Core/Inc/mem.h:300:5:isQempty	16	static
../Core/Inc/mem.h:310:6:GetLastAddress	80	static
../Core/Inc/mem.h:337:5:ReadQdata	288	static
../Core/Inc/mem.h:372:6:InitMEMQ	272	static
../Core/Inc/mem.h:418:6:ClearQueue	8	static
../Core/Inc/mem.h:462:5:writeConfig	816	static
../Core/Inc/mem.h:530:7:readRegNo	16	static
../Core/Inc/mem.h:546:7:readINSMSno	16	static
../Core/Inc/mem.h:553:7:readOUTSMSno	16	static
../Core/Inc/mem.h:561:7:readEmgIP	16	static
../Core/Inc/mem.h:567:7:readRegIP	16	static
../Core/Inc/mem.h:574:7:readTracIP	16	static
../Core/Inc/mem.h:581:7:readOtherData	16	static
../Core/Inc/acc.h:45:13:initAcc	32	static
../Core/Inc/acc.h:109:15:readAcc	32	static
../Core/Inc/acc.h:163:5:detectAcc	8	static
../Core/Inc/acc.h:189:7:detectAccStr	48	static
../Core/Inc/gps.h:49:6:initGPS	8	static
../Core/Inc/gps.h:74:6:getGPSString	160	static
../Core/Inc/gps.h:93:7:DegreeDecimalConvert	24	static
../Core/Inc/gps.h:104:6:printFlt	24	static
../Core/Inc/gps.h:111:6:printInt	16	static
../Core/Inc/gps.h:118:5:nmea0183_checksum	24	static
../Core/Inc/gps.h:251:6:getGNRMC	32	static
../Core/Inc/gps.h:298:6:getGNGSA	24	static
../Core/Inc/gps.h:318:6:getGNGGA	24	static
../Core/Inc/gps.h:404:9:nmea_valid_checksum	24	static
../Core/Inc/gps.h:420:5:validateGPS	32	static
../Core/Inc/gps.h:453:7:getSpeed	8	static
../Core/Inc/gps.h:456:6:TriggerGPS	8	static
../Core/Inc/gps.h:463:6:ProcessGPS	24	static
../Core/Inc/testCode.h:35:5:tic	8	static
../Core/Inc/testCode.h:38:6:toc	16	static
../Core/Inc/testCode.h:57:6:testBlink	8	static
../Core/Inc/testCode.h:70:5:TimeDelay	24	static
../Core/Inc/testCode.h:80:6:TestDigitalOutput	16	static
../Core/Inc/testCode.h:105:6:TestDigitalInput	184	static
../Core/Inc/testCode.h:126:6:TestAnalogInput	200	static
../Core/Inc/testCode.h:154:6:TestGPS	16	static
../Core/Inc/testCode.h:164:6:TestGSM	8	static
../Core/Inc/testCode.h:177:6:TestACC	16	static
../Core/Inc/testCode.h:186:6:TestMEM	40	static
../Core/Inc/testCode.h:218:6:TestMEMQ	272	static
../Core/Src/main.c:185:5:main	8	static
../Core/Src/main.c:280:6:SystemClock_Config	88	static
../Core/Src/main.c:321:13:MX_ADC1_Init	24	static
../Core/Src/main.c:398:13:MX_I2C1_Init	8	static
../Core/Src/main.c:446:13:MX_SPI1_Init	8	static
../Core/Src/main.c:486:13:MX_TIM6_Init	24	static
../Core/Src/main.c:524:13:MX_USART1_UART_Init	8	static
../Core/Src/main.c:572:13:MX_USART2_UART_Init	8	static
../Core/Src/main.c:620:13:MX_USART3_UART_Init	8	static
../Core/Src/main.c:654:13:MX_DMA_Init	16	static
../Core/Src/main.c:678:13:MX_GPIO_Init	56	static
../Core/Src/main.c:769:6:timedWork	8	static
../Core/Src/main.c:778:7:stor	48	static
../Core/Src/main.c:811:6:HAL_UART_TxCpltCallback	16	static
../Core/Src/main.c:816:6:HAL_UART_RxCpltCallback	16	static
../Core/Src/main.c:854:6:HAL_UART_ErrorCallback	16	static
../Core/Src/main.c:892:6:StartDefaultTask	16	static
../Core/Src/main.c:962:6:StartTask02	16	static
../Core/Src/main.c:1086:6:StartTask03	16	static
../Core/Src/main.c:1105:6:HAL_TIM_PeriodElapsedCallback	16	static
../Core/Src/main.c:1121:6:restartGSMuart	8	static
../Core/Src/main.c:1127:6:initFirstRun	32	static
../Core/Src/main.c:1138:6:ReadAllGPIO	80	static
../Core/Src/main.c:1168:6:GetHead	16	static
../Core/Src/main.c:1266:6:TestRun	16	static
../Core/Src/main.c:1426:13:Debug_Tx	24	static
../Core/Src/main.c:1437:14:Debug_Rx	8	static
../Core/Src/main.c:1448:13:GSM_Tx	16	static
../Core/Src/main.c:1454:13:GSM_TxL	16	static
../Core/Src/main.c:1506:6:Run	1352	static
../Core/Src/main.c:1743:6:Error_Handler	8	static,ignoring_inline_asm
