../Core/Src/main.c:1490:13:Debug_Tx	24	static
../Core/Src/main.c:972:6:StartTask02	8	static
../Core/Inc/acc.h:109:15:readAcc.isra	64	static
../Core/Src/main.c:1096:6:StartTask03	8	static
../Core/Inc/gsm.h:95:6:build_decoding_table	8	static
../Core/Inc/gsm.h:105:10:Flash_Write_Data	24	static
../Core/Inc/gsm.h:123:6:Wait_gsmClear	16	static
../Core/Inc/gsm.h:132:5:Flash_Write	24	static
../Core/Inc/gsm.h:145:5:Flash_erase	48	static
../Core/Inc/gsm.h:171:5:base64_decode	568	static
../Core/Inc/gsm.h:224:6:RestartGSM	16	static
../Core/Inc/gsm.h:242:6:SendGSMCode	32	static
../Core/Inc/gsm.h:261:5:SendGSMCodeFOTA	56	static
../Core/Inc/gsm.h:373:6:SendGSMCodeD	16	static
../Core/Inc/gsm.h:383:6:SendGSMCodeL	32	static
../Core/Inc/gsm.h:402:6:SendGSMData	32	static
../Core/Inc/gsm.h:421:6:EndTransfer	24	static
../Core/Inc/gsm.h:433:5:waitForResponse	32	static
../Core/Inc/gsm.h:452:7:GetGSMReply	64	static
../Core/Inc/gsm.h:561:5:GSMSigQuality	40	static
../Core/Inc/gsm.h:588:7:GSMSimOperator	24	static
../Core/Inc/gsm.h:594:7:GSMSimOperator_test	24	static
../Core/Inc/gsm.h:601:5:GSMSimOperatorChkList	40	static
../Core/Inc/gsm.h:620:7:GSMIMEI	24	static
../Core/Inc/gsm.h:626:7:GSMSimNo	24	static
../Core/Inc/gsm.h:631:5:DownloadChunkFTP	32	static
../Core/Inc/gsm.h:648:5:DownloadFile	120	static
../Core/Inc/gsm.h:750:5:DownloadFileTCP	0	static
../Core/Inc/gsm.h:848:6:StartTCPConnection	56	static
../Core/Inc/gsm.h:880:6:StopTCPConnection	32	static
../Core/Inc/gsm.h:897:6:SendTCPdata	48	static
../Core/Inc/gsm.h:981:7:GSMCellInfo	168	static
../Core/Inc/gsm.h:1116:7:SetTCPMux	24	static
../Core/Inc/gsm.h:1122:6:ResetTCP	8	static
../Core/Inc/gsm.h:1129:6:ProcessTCPAll	40	static
../Core/Inc/gsm.h:1151:5:sendSMS	40	static
../Core/Inc/gsm.h:1167:6:SetupGPRS	80	static
../Core/Inc/gsm.h:1215:6:ShiftGSMProfile	72	static
../Core/Inc/gsm.h:1297:6:InitGSM	64	static
../Core/Inc/mem.h:117:6:SPI_flash_sent_byte	16	static
../Core/Inc/mem.h:121:6:SPI_flash_Write_Enable	16	static
../Core/Inc/mem.h:127:6:SPI_flash_Write_Disable	16	static
../Core/Inc/mem.h:133:6:SPI_flash_sent_address	8	static
../Core/Inc/mem.h:139:6:SPI_flash_TransmitReceive	16	static
../Core/Inc/mem.h:143:6:SPI_flash_get_device_ID	176	static
../Core/Inc/mem.h:200:6:SPI_flash_Block_Erase	32	static
../Core/Inc/mem.h:210:6:SPI_flash_Sector_Erase	32	static
../Core/Inc/mem.h:220:6:SPI_flash_Chip_Erase	24	static
../Core/Inc/mem.h:228:6:SPI_flash_Power_down	16	static
../Core/Inc/mem.h:237:6:SPI_flash_Page_Program	48	static
../Core/Inc/mem.h:251:6:SPI_flash_Read_Data	48	static
../Core/Inc/mem.h:264:10:incrimentAddress	12	static
../Core/Inc/mem.h:274:6:incrimentAddress2	12	static
../Core/Inc/mem.h:283:6:printAdd	40	static
../Core/Inc/mem.h:290:6:WriteQdata	8	static
../Core/Inc/mem.h:300:5:isQempty	0	static
../Core/Inc/mem.h:310:6:GetLastAddress	96	static
../Core/Inc/mem.h:337:5:ReadQdata	288	static
../Core/Inc/mem.h:372:6:InitMEMQ	272	static
../Core/Inc/mem.h:418:6:ClearQueue	8	static
../Core/Inc/mem.h:462:5:writeConfig	824	static
../Core/Inc/mem.h:530:7:readRegNo	16	static
../Core/Inc/mem.h:546:7:readINSMSno	16	static
../Core/Inc/mem.h:553:7:readOUTSMSno	16	static
../Core/Inc/mem.h:561:7:readEmgIP	16	static
../Core/Inc/mem.h:567:7:readRegIP	16	static
../Core/Inc/mem.h:574:7:readTracIP	16	static
../Core/Inc/mem.h:581:7:readOtherData	16	static
../Core/Inc/acc.h:163:5:detectAcc	16	static
../Core/Inc/acc.h:189:7:detectAccStr	40	static
../Core/Inc/gps.h:50:6:initGPS	16	static
../Core/Inc/gps.h:75:6:getGPSString	112	static
../Core/Inc/gps.h:94:7:DegreeDecimalConvert	16	static
../Core/Inc/gps.h:105:6:printFlt	32	static
../Core/Inc/gps.h:112:6:printInt	24	static
../Core/Inc/gps.h:119:5:nmea0183_checksum	0	static
../Core/Inc/gps.h:405:9:nmea_valid_checksum	8	static
../Core/Inc/gps.h:454:7:getSpeed	0	static
../Core/Inc/gps.h:457:6:TriggerGPS	8	static
../Core/Inc/testCode.h:35:5:tic	8	static
../Core/Inc/testCode.h:38:6:toc	0	static
../Core/Inc/testCode.h:57:6:testBlink	24	static
../Core/Inc/testCode.h:70:5:TimeDelay	16	static
../Core/Inc/testCode.h:80:6:TestDigitalOutput	40	static
../Core/Inc/testCode.h:105:6:TestDigitalInput	184	static
../Core/Inc/testCode.h:126:6:TestAnalogInput	216	static
../Core/Inc/testCode.h:154:6:TestGPS	40	static
../Core/Inc/testCode.h:164:6:TestGSM	72	static
../Core/Inc/testCode.h:177:6:TestACC	32	static
../Core/Inc/testCode.h:186:6:TestMEM	56	static
../Core/Inc/testCode.h:218:6:TestMEMQ	304	static
../Core/Src/main.c:280:6:SystemClock_Config	80	static,ignoring_inline_asm
../Core/Src/main.c:185:5:main	88	static,ignoring_inline_asm
../Core/Src/main.c:769:6:timedWork	8	static
../Core/Src/main.c:778:7:stor	32	static
../Core/Inc/gps.h:252:6:getGNRMC	32	static
../Core/Inc/gps.h:299:6:getGNGSA	16	static
../Core/Inc/gps.h:319:6:getGNGGA	16	static
../Core/Inc/gps.h:421:5:validateGPS	16	static
../Core/Inc/gps.h:464:6:ProcessGPS	24	static
../Core/Src/main.c:811:6:HAL_UART_TxCpltCallback	0	static
../Core/Src/main.c:857:6:HAL_UART_ErrorCallback	16	static
../Core/Src/main.c:1115:6:HAL_TIM_PeriodElapsedCallback	8	static
../Core/Src/main.c:1131:6:restartGSMuart	8	static
../Core/Src/main.c:1137:6:initFirstRun	24	static
../Core/Src/main.c:1148:6:ReadAllGPIO	80	static
../Core/Src/main.c:816:6:HAL_UART_RxCpltCallback	16	static
../Core/Src/main.c:1179:6:GetHead	56	static
../Core/Src/main.c:1279:6:TestRun	152	static,ignoring_inline_asm
../Core/Src/main.c:895:6:StartDefaultTask	48	static
../Core/Src/main.c:1574:6:Error_Handler	0	static,ignoring_inline_asm
