../Core/Src/main.c:1439:13:Debug_Tx	24	static
../Core/Src/main.c:990:6:StartTask02	8	static
../Core/Inc/acc.h:109:15:readAcc.isra	64	static
../Core/Src/main.c:1022:6:StartTask03	8	static
../Core/Inc/gsm.h:97:6:build_decoding_table	8	static
../Core/Inc/gsm.h:107:10:Flash_Write_Data	24	static
../Core/Inc/gsm.h:125:6:Wait_gsmClear	16	static
../Core/Inc/gsm.h:134:5:Flash_Write	24	static
../Core/Inc/gsm.h:147:5:Flash_erase	48	static
../Core/Inc/gsm.h:173:5:base64_decode	568	static
../Core/Inc/gsm.h:226:6:RestartGSM	16	static
../Core/Inc/gsm.h:245:6:SendGSMCode	32	static
../Core/Inc/gsm.h:264:5:SendGSMCodeFOTA	56	static
../Core/Inc/gsm.h:375:6:SendGSMCodeD	16	static
../Core/Inc/gsm.h:385:6:SendGSMCodeL	32	static
../Core/Inc/gsm.h:404:6:SendGSMData	32	static
../Core/Inc/gsm.h:423:6:EndTransfer	32	static
../Core/Inc/gsm.h:437:5:waitForResponse	32	static
../Core/Inc/gsm.h:456:7:GetGSMReply	64	static
../Core/Inc/gsm.h:609:7:GSMSimOperator	24	static
../Core/Inc/gsm.h:615:7:GSMSimOperator_test	24	static
../Core/Inc/gsm.h:622:5:GSMSimOperatorChkList	40	static
../Core/Inc/gsm.h:641:7:GSMIMEI	24	static
../Core/Inc/gsm.h:647:7:GSMSimNo	24	static
../Core/Inc/gsm.h:652:5:DownloadChunkFTP	32	static
../Core/Inc/gsm.h:670:5:DownloadFile	120	static
../Core/Inc/gsm.h:772:5:DownloadFileTCP	0	static
../Core/Inc/gsm.h:870:6:StartTCPConnection	72	static
../Core/Inc/gsm.h:908:6:StopTCPConnection	32	static
../Core/Inc/gsm.h:925:6:SendTCPdata	48	static
../Core/Inc/gsm.h:1008:7:GSMCellInfo	168	static
../Core/Inc/gsm.h:1143:7:SetTCPMux	24	static
../Core/Inc/gsm.h:1149:6:ResetTCP	16	static
../Core/Inc/gsm.h:1157:6:ProcessTCPAll	40	static
../Core/Inc/gsm.h:1171:5:sendSMS	40	static
../Core/Inc/gsm.h:1187:6:SetupGPRS	80	static
../Core/Inc/gsm.h:1235:6:ShiftGSMProfile	72	static
../Core/Inc/gsm.h:1313:6:InitGSM	64	static
../Core/Inc/gsm.h:562:5:GSMSigQuality	56	static
../Core/Inc/mem.h:117:6:SPI_flash_sent_byte	16	static
../Core/Inc/mem.h:121:6:SPI_flash_Write_Enable	16	static
../Core/Inc/mem.h:127:6:SPI_flash_Write_Disable	16	static
../Core/Inc/mem.h:133:6:SPI_flash_sent_address	8	static
../Core/Inc/mem.h:139:6:SPI_flash_TransmitReceive	16	static
../Core/Inc/mem.h:143:6:SPI_flash_get_device_ID	176	static
../Core/Inc/mem.h:200:6:SPI_flash_Block_Erase	32	static
../Core/Inc/mem.h:210:6:SPI_flash_Sector_Erase	32	static
../Core/Inc/mem.h:220:6:SPI_flash_Chip_Erase	24	static
../Core/Inc/mem.h:228:6:SPI_flash_Power_down	16	static
../Core/Inc/mem.h:237:6:SPI_flash_Page_Program	48	static
../Core/Inc/mem.h:251:6:SPI_flash_Read_Data	48	static
../Core/Inc/mem.h:264:10:incrimentAddress	12	static
../Core/Inc/mem.h:274:6:incrimentAddress2	12	static
../Core/Inc/mem.h:283:6:printAdd	40	static
../Core/Inc/mem.h:290:6:WriteQdata	8	static
../Core/Inc/mem.h:300:5:isQempty	0	static
../Core/Inc/mem.h:310:6:GetLastAddress	96	static
../Core/Inc/mem.h:337:5:ReadQdata	288	static
../Core/Inc/mem.h:372:6:InitMEMQ	272	static
../Core/Inc/mem.h:418:6:ClearQueue	8	static
../Core/Inc/mem.h:462:5:writeConfig	824	static
../Core/Inc/mem.h:530:7:readRegNo	16	static
../Core/Inc/mem.h:546:7:readINSMSno	16	static
../Core/Inc/mem.h:553:7:readOUTSMSno	16	static
../Core/Inc/mem.h:561:7:readEmgIP	16	static
../Core/Inc/mem.h:567:7:readRegIP	16	static
../Core/Inc/mem.h:574:7:readTracIP	16	static
../Core/Inc/mem.h:581:7:readOtherData	16	static
../Core/Inc/acc.h:163:5:detectAcc	16	static
../Core/Inc/acc.h:189:7:detectAccStr	40	static
../Core/Inc/gps.h:50:6:initGPS	16	static
../Core/Inc/gps.h:83:6:getGPSString	112	static
../Core/Inc/gps.h:102:7:DegreeDecimalConvert	16	static
../Core/Inc/gps.h:113:6:printFlt	32	static
../Core/Inc/gps.h:120:6:printInt	24	static
../Core/Inc/gps.h:127:5:nmea0183_checksum	0	static
../Core/Inc/gps.h:413:9:nmea_valid_checksum	8	static
../Core/Inc/gps.h:462:7:getSpeed	0	static
../Core/Inc/gps.h:465:6:TriggerGPS	8	static
../Core/Inc/testCode.h:36:5:tic	8	static
../Core/Inc/testCode.h:39:6:toc	0	static
../Core/Inc/testCode.h:58:6:testBlink	24	static
../Core/Inc/testCode.h:71:5:TimeDelay	16	static
../Core/Inc/testCode.h:81:6:TestDigitalOutput	40	static
../Core/Inc/testCode.h:106:6:TestDigitalInput	184	static
../Core/Inc/testCode.h:127:6:TestAnalogInput	216	static
../Core/Inc/testCode.h:155:6:TestGPS	40	static
../Core/Inc/testCode.h:166:6:TestGPS1	128	static
../Core/Inc/testCode.h:180:6:TestGSM	72	static
../Core/Inc/testCode.h:193:6:TestACC	32	static
../Core/Inc/testCode.h:202:6:TestMEM	48	static
../Core/Inc/testCode.h:234:6:TestMEMQ	304	static
../Core/Src/main.c:281:6:SystemClock_Config	80	static,ignoring_inline_asm
../Core/Src/main.c:186:5:main	88	static,ignoring_inline_asm
../Core/Src/main.c:770:6:timedWork	8	static
../Core/Src/main.c:779:7:stor	32	static
../Core/Inc/gps.h:260:6:getGNRMC	32	static
../Core/Inc/gps.h:307:6:getGNGSA	16	static
../Core/Inc/gps.h:327:6:getGNGGA	16	static
../Core/Inc/gps.h:429:5:validateGPS	16	static
../Core/Inc/gps.h:472:6:ProcessGPS	24	static
../Core/Src/main.c:812:6:HAL_UART_TxCpltCallback	0	static
../Core/Src/main.c:859:6:HAL_UART_ErrorCallback	16	static
../Core/Src/main.c:1041:6:HAL_TIM_PeriodElapsedCallback	8	static
../Core/Src/main.c:1057:6:restartGSMuart	8	static
../Core/Src/main.c:1067:6:initFirstRun	24	static
../Core/Src/main.c:1078:6:ReadAllGPIO	80	static
../Core/Src/main.c:817:6:HAL_UART_RxCpltCallback	16	static
../Core/Src/main.c:1109:6:GetHead	56	static
../Core/Src/main.c:1209:6:TestRun	152	static
../Core/Src/main.c:897:6:StartDefaultTask	72	static
../Core/Src/main.c:1523:6:Error_Handler	0	static,ignoring_inline_asm
