../Core/Src/main.c:564:13:Debug_Tx	24	static
../Core/Inc/acc.h:109:15:readAcc.isra	64	static
../Core/Inc/gsm.h:89:6:build_decoding_table	8	static
../Core/Inc/gsm.h:99:10:Flash_Write_Data	24	static
../Core/Inc/gsm.h:117:5:Flash_Write	24	static
../Core/Inc/gsm.h:130:5:Flash_erase	48	static
../Core/Inc/gsm.h:156:5:base64_decode	568	static
../Core/Inc/gsm.h:209:6:RestartGSM	16	static
../Core/Inc/gsm.h:227:6:SendGSMCode	32	static
../Core/Inc/gsm.h:246:5:SendGSMCodeFOTA	56	static
../Core/Inc/gsm.h:358:6:SendGSMCodeD	16	static
../Core/Inc/gsm.h:368:6:SendGSMCodeL	32	static
../Core/Inc/gsm.h:387:6:SendGSMData	32	static
../Core/Inc/gsm.h:406:6:EndTransfer	24	static
../Core/Inc/gsm.h:418:5:waitForResponse	32	static
../Core/Inc/gsm.h:438:7:GetGSMReply	64	static
../Core/Inc/gsm.h:525:5:GSMSigQuality	48	static
../Core/Inc/gsm.h:553:7:GSMSimOperator	24	static
../Core/Inc/gsm.h:559:7:GSMSimOperator_test	24	static
../Core/Inc/gsm.h:566:5:GSMSimOperatorChkList	40	static
../Core/Inc/gsm.h:585:7:GSMIMEI	24	static
../Core/Inc/gsm.h:591:7:GSMSimNo	24	static
../Core/Inc/gsm.h:596:5:DownloadChunkFTP	32	static
../Core/Inc/gsm.h:613:5:DownloadFile	120	static
../Core/Inc/gsm.h:715:5:DownloadFileTCP	0	static
../Core/Inc/gsm.h:857:6:StopTCPConnection	24	static
../Core/Inc/gsm.h:877:6:SendTCPdata	32	static
../Core/Inc/gsm.h:813:6:StartTCPConnection	48	static
../Core/Inc/gsm.h:997:7:GSMCellInfo	168	static
../Core/Inc/gsm.h:1133:7:SetTCPMux	24	static
../Core/Inc/gsm.h:1139:6:ResetTCP	8	static
../Core/Inc/gsm.h:1146:6:ProcessTCPAll	32	static
../Core/Inc/gsm.h:1175:5:sendSMS	40	static
../Core/Inc/gsm.h:1191:6:SetupGPRS	80	static
../Core/Inc/gsm.h:1239:6:ShiftGSMProfile	72	static
../Core/Inc/gsm.h:1321:6:InitGSM	64	static
../Core/Inc/mem.h:117:6:SPI_flash_sent_byte	16	static
../Core/Inc/mem.h:121:6:SPI_flash_Write_Enable	16	static
../Core/Inc/mem.h:127:6:SPI_flash_Write_Disable	16	static
../Core/Inc/mem.h:133:6:SPI_flash_sent_address	8	static
../Core/Inc/mem.h:139:6:SPI_flash_TransmitReceive	16	static
../Core/Inc/mem.h:143:6:SPI_flash_get_device_ID	176	static
../Core/Inc/mem.h:200:6:SPI_flash_Block_Erase	32	static
../Core/Inc/mem.h:210:6:SPI_flash_Sector_Erase	32	static
../Core/Inc/mem.h:220:6:SPI_flash_Chip_Erase	24	static
../Core/Inc/mem.h:228:6:SPI_flash_Power_down	16	static
../Core/Inc/mem.h:237:6:SPI_flash_Page_Program	48	static
../Core/Inc/mem.h:251:6:SPI_flash_Read_Data	48	static
../Core/Inc/mem.h:264:10:incrimentAddress	12	static
../Core/Inc/mem.h:274:6:incrimentAddress2	12	static
../Core/Inc/mem.h:283:6:printAdd	40	static
../Core/Inc/mem.h:290:6:WriteQdata	8	static
../Core/Inc/mem.h:300:5:isQempty	0	static
../Core/Inc/mem.h:310:6:GetLastAddress	96	static
../Core/Inc/mem.h:337:5:ReadQdata	288	static
../Core/Inc/mem.h:372:6:InitMEMQ	272	static
../Core/Inc/mem.h:418:6:ClearQueue	8	static
../Core/Inc/mem.h:462:5:writeConfig	824	static
../Core/Inc/mem.h:530:7:readRegNo	16	static
../Core/Inc/mem.h:546:7:readINSMSno	16	static
../Core/Inc/mem.h:553:7:readOUTSMSno	16	static
../Core/Inc/mem.h:561:7:readEmgIP	16	static
../Core/Inc/mem.h:567:7:readRegIP	16	static
../Core/Inc/mem.h:574:7:readTracIP	16	static
../Core/Inc/mem.h:581:7:readOtherData	16	static
../Core/Inc/acc.h:163:5:detectAcc	16	static
../Core/Inc/acc.h:189:7:detectAccStr	40	static
../Core/Inc/gps.h:49:6:initGPS	16	static
../Core/Inc/gps.h:74:6:getGPSString	112	static
../Core/Inc/gps.h:93:7:DegreeDecimalConvert	16	static
../Core/Inc/gps.h:104:6:printFlt	32	static
../Core/Inc/gps.h:111:6:printInt	24	static
../Core/Inc/gps.h:118:5:nmea0183_checksum	0	static
../Core/Inc/gps.h:404:9:nmea_valid_checksum	8	static
../Core/Inc/gps.h:453:7:getSpeed	0	static
../Core/Inc/gps.h:456:6:TriggerGPS	8	static
../Core/Inc/testCode.h:35:5:tic	8	static
../Core/Inc/testCode.h:38:6:toc	0	static
../Core/Inc/testCode.h:57:6:testBlink	24	static
../Core/Inc/testCode.h:70:5:TimeDelay	16	static
../Core/Inc/testCode.h:80:6:TestDigitalOutput	40	static
../Core/Inc/testCode.h:105:6:TestDigitalInput	184	static
../Core/Inc/testCode.h:126:6:TestAnalogInput	216	static
../Core/Inc/testCode.h:154:6:TestGPS	40	static
../Core/Inc/testCode.h:164:6:TestGSM	72	static
../Core/Inc/testCode.h:177:6:TestACC	32	static
../Core/Inc/testCode.h:186:6:TestMEM	56	static
../Core/Inc/testCode.h:218:6:TestMEMQ	304	static
../Core/Src/main.c:144:6:timedWork	8	static
../Core/Src/main.c:153:7:stor	32	static
../Core/Inc/gps.h:251:6:getGNRMC	32	static
../Core/Inc/gps.h:298:6:getGNGSA	16	static
../Core/Inc/gps.h:318:6:getGNGGA	16	static
../Core/Inc/gps.h:420:5:validateGPS	16	static
../Core/Inc/gps.h:463:6:ProcessGPS	24	static
../Core/Src/main.c:186:6:HAL_UART_TxCpltCallback	0	static
../Core/Src/main.c:229:6:HAL_UART_ErrorCallback	16	static
../Core/Src/main.c:258:6:restartGSMuart	8	static
../Core/Src/main.c:264:6:initFirstRun	24	static
../Core/Src/main.c:275:6:ReadAllGPIO	80	static
../Core/Src/main.c:191:6:HAL_UART_RxCpltCallback	16	static
../Core/Src/main.c:305:6:GetHead	56	static
../Core/Src/main.c:404:6:TestRun	104	static,ignoring_inline_asm
../Core/Src/main.c:691:6:SystemClock_Config	80	static,ignoring_inline_asm
../Core/Src/main.c:607:5:main	104	static,ignoring_inline_asm
../Core/Src/main.c:1172:6:HAL_TIM_PeriodElapsedCallback	8	static
../Core/Src/main.c:1189:6:Error_Handler	0	static,ignoring_inline_asm
