../Core/Src/stm32g0xx_it.c:78:6:NMI_Handler	0	static
../Core/Src/stm32g0xx_it.c:93:6:HardFault_Handler	0	static
../Core/Src/stm32g0xx_it.c:108:6:SVC_Handler	0	static
../Core/Src/stm32g0xx_it.c:121:6:PendSV_Handler	0	static
../Core/Src/stm32g0xx_it.c:134:6:SysTick_Handler	0	static
../Core/Src/stm32g0xx_it.c:155:6:DMA1_Channel1_IRQHandler	8	static
../Core/Src/stm32g0xx_it.c:169:6:DMA1_Channel2_3_IRQHandler	8	static
../Core/Src/stm32g0xx_it.c:184:6:DMA1_Ch4_7_DMAMUX1_OVR_IRQHandler	8	static
../Core/Src/stm32g0xx_it.c:201:6:TIM1_BRK_UP_TRG_COM_IRQHandler	8	static
../Core/Src/stm32g0xx_it.c:215:6:TIM6_IRQHandler	8	static
../Core/Src/stm32g0xx_it.c:229:6:USART1_IRQHandler	8	static
../Core/Src/stm32g0xx_it.c:243:6:USART2_IRQHandler	8	static
../Core/Src/stm32g0xx_it.c:257:6:USART3_4_IRQHandler	8	static
